#
# There is insufficient memory for the Java Runtime Environment to continue.
# Native memory allocation (malloc) failed to allocate 1129936 bytes for Chunk::new
# Possible reasons:
#   The system is out of physical RAM or swap space
#   The process is running with CompressedOops enabled, and the Java Heap may be blocking the growth of the native heap
# Possible solutions:
#   Reduce memory load on the system
#   Increase physical memory or swap space
#   Check if swap backing store is full
#   Decrease Java heap size (-Xmx/-Xms)
#   Decrease number of Java threads
#   Decrease Java thread stack sizes (-Xss)
#   Set larger code cache with -XX:ReservedCodeCacheSize=
#   JVM is running with Unscaled Compressed Oops mode in which the Java heap is
#     placed in the first 4GB address space. The Java Heap base address is the
#     maximum limit for the native heap growth. Please use -XX:HeapBaseMinAddress
#     to set the Java Heap base and to place the Java Heap above 4GB virtual address.
# This output file may be truncated or incomplete.
#
#  Out of Memory Error (arena.cpp:189), pid=20488, tid=22672
#
# JRE version: Java(TM) SE Runtime Environment (17.0.12+8) (build 17.0.12+8-LTS-286)
# Java VM: Java HotSpot(TM) 64-Bit Server VM (17.0.12+8-LTS-286, mixed mode, sharing, tiered, compressed oops, compressed class ptrs, g1 gc, windows-amd64)
# No core dump will be written. Minidumps are not enabled by default on client versions of Windows
#

---------------  S U M M A R Y ------------

Command Line: --add-opens=java.base/java.util=ALL-UNNAMED --add-opens=java.base/java.lang=ALL-UNNAMED --add-opens=java.base/java.lang.invoke=ALL-UNNAMED --add-opens=java.prefs/java.util.prefs=ALL-UNNAMED --add-opens=java.base/java.nio.charset=ALL-UNNAMED --add-opens=java.base/java.net=ALL-UNNAMED --add-opens=java.base/java.util.concurrent.atomic=ALL-UNNAMED -Xmx2048m -Dfile.encoding=UTF-8 -Duser.country=US -Duser.language=en -Duser.variant -javaagent:C:\Users\Drews\.gradle\wrapper\dists\gradle-8.4-bin\1w5dpkrfk8irigvoxmyhowfim\gradle-8.4\lib\agents\gradle-instrumentation-agent-8.4.jar org.gradle.launcher.daemon.bootstrap.GradleDaemon 8.4

Host: AMD Ryzen 5 9600X 6-Core Processor             , 12 cores, 16G,  Windows 11 , 64 bit Build 26100 (10.0.26100.9168)
Time: Sun Sep 13 13:11:34 2026 Pacific Daylight Time elapsed time: 20.649424 seconds (0d 0h 0m 20s)

---------------  T H R E A D  ---------------

Current thread (0x000001732e72acb0):  JavaThread "C2 CompilerThread0" daemon [_thread_in_native, id=22672, stack(0x0000005f76400000,0x0000005f76500000)]


Current CompileTask:
C2:  20649 12700       4       org.jetbrains.kotlin.com.intellij.openapi.vfs.impl.jar.CoreJarVirtualFile::getPath (130 bytes)

Stack: [0x0000005f76400000,0x0000005f76500000]
Native frames: (J=compiled Java code, j=interpreted, Vv=VM code, C=native code)
V  [jvm.dll+0x67a04a]
V  [jvm.dll+0x7da4ed]
V  [jvm.dll+0x7dbe33]
V  [jvm.dll+0x7dc4a3]
V  [jvm.dll+0x24508f]
V  [jvm.dll+0xab773]
V  [jvm.dll+0xabd3c]
V  [jvm.dll+0x361bee]
V  [jvm.dll+0x1ba64a]
V  [jvm.dll+0x216997]
V  [jvm.dll+0x215c6f]
V  [jvm.dll+0x1a2960]
V  [jvm.dll+0x22610b]
V  [jvm.dll+0x2242ab]
V  [jvm.dll+0x79075c]
V  [jvm.dll+0x78abea]
V  [jvm.dll+0x678f35]
C  [ucrtbase.dll+0x2cd30]
C  [KERNEL32.DLL+0x2ccb7]
C  [ntdll.dll+0xaad6c]


---------------  P R O C E S S  ---------------

Threads class SMR info:
_java_thread_list=0x000001737ff16e60, length=64, elements={
0x000001730f860480, 0x000001732e6fe4d0, 0x000001732e6fe9b0, 0x000001732e7181a0,
0x000001732e719690, 0x000001732e719b70, 0x000001732e71e060, 0x000001732e72acb0,
0x000001732e72ec00, 0x000001732e73f740, 0x000001732e83fad0, 0x000001732e9574d0,
0x0000017374ed8900, 0x000001737544fa70, 0x00000173752b68a0, 0x000001737556aac0,
0x00000173756f63a0, 0x0000017375564950, 0x0000017375564e60, 0x0000017375565370,
0x0000017375565d90, 0x0000017375562af0, 0x0000017375565880, 0x0000017375563000,
0x0000017375563510, 0x0000017375563a20, 0x0000017375563f30, 0x0000017375564440,
0x00000173774189b0, 0x000001737741a810, 0x0000017377417f90, 0x0000017377419df0,
0x0000017377417060, 0x00000173774193d0, 0x000001737741a300, 0x0000017377418ec0,
0x000001737741ad20, 0x0000017377417a80, 0x00000173774198e0, 0x0000017377417570,
0x000001737741bc50, 0x000001737741b230, 0x000001737741b740, 0x00000173774184a0,
0x000001737741cb80, 0x000001737741d090, 0x000001737741d5a0, 0x000001737741e9e0,
0x000001737741dfc0, 0x000001737741e4d0, 0x000001737741c670, 0x00000173793cedf0,
0x00000173793cc570, 0x00000173793cca80, 0x00000173793cd9b0, 0x00000173793cf300,
0x00000173793ce3d0, 0x00000173793ce8e0, 0x00000173793ccf90, 0x00000173793cf810,
0x00000173745ea6a0, 0x00000173793cd4a0, 0x000001737666e290, 0x000001737666f6d0
}

Java Threads: ( => current thread )
  0x000001730f860480 JavaThread "main" [_thread_blocked, id=22816, stack(0x0000005f75700000,0x0000005f75800000)]
  0x000001732e6fe4d0 JavaThread "Reference Handler" daemon [_thread_blocked, id=12400, stack(0x0000005f75e00000,0x0000005f75f00000)]
  0x000001732e6fe9b0 JavaThread "Finalizer" daemon [_thread_blocked, id=23588, stack(0x0000005f75f00000,0x0000005f76000000)]
  0x000001732e7181a0 JavaThread "Signal Dispatcher" daemon [_thread_blocked, id=24004, stack(0x0000005f76000000,0x0000005f76100000)]
  0x000001732e719690 JavaThread "Attach Listener" daemon [_thread_blocked, id=18224, stack(0x0000005f76100000,0x0000005f76200000)]
  0x000001732e719b70 JavaThread "Service Thread" daemon [_thread_blocked, id=23200, stack(0x0000005f76200000,0x0000005f76300000)]
  0x000001732e71e060 JavaThread "Monitor Deflation Thread" daemon [_thread_blocked, id=20448, stack(0x0000005f76300000,0x0000005f76400000)]
=>0x000001732e72acb0 JavaThread "C2 CompilerThread0" daemon [_thread_in_native, id=22672, stack(0x0000005f76400000,0x0000005f76500000)]
  0x000001732e72ec00 JavaThread "C1 CompilerThread0" daemon [_thread_in_native, id=7612, stack(0x0000005f76500000,0x0000005f76600000)]
  0x000001732e73f740 JavaThread "Sweeper thread" daemon [_thread_blocked, id=21312, stack(0x0000005f76600000,0x0000005f76700000)]
  0x000001732e83fad0 JavaThread "Common-Cleaner" daemon [_thread_blocked, id=8176, stack(0x0000005f76700000,0x0000005f76800000)]
  0x000001732e9574d0 JavaThread "Notification Thread" daemon [_thread_blocked, id=6196, stack(0x0000005f76800000,0x0000005f76900000)]
  0x0000017374ed8900 JavaThread "Daemon health stats" [_thread_blocked, id=22976, stack(0x0000005f76f00000,0x0000005f77000000)]
  0x000001737544fa70 JavaThread "Incoming local TCP Connector on port 13213" [_thread_in_native, id=10336, stack(0x0000005f77000000,0x0000005f77100000)]
  0x00000173752b68a0 JavaThread "Daemon periodic checks" [_thread_blocked, id=14728, stack(0x0000005f77100000,0x0000005f77200000)]
  0x000001737556aac0 JavaThread "Daemon" [_thread_blocked, id=19676, stack(0x0000005f77200000,0x0000005f77300000)]
  0x00000173756f63a0 JavaThread "Handler for socket connection from /127.0.0.1:13213 to /127.0.0.1:13214" [_thread_in_native, id=16840, stack(0x0000005f77300000,0x0000005f77400000)]
  0x0000017375564950 JavaThread "Cancel handler" [_thread_blocked, id=8132, stack(0x0000005f77400000,0x0000005f77500000)]
  0x0000017375564e60 JavaThread "Daemon worker" [_thread_in_native, id=24208, stack(0x0000005f77500000,0x0000005f77600000)]
  0x0000017375565370 JavaThread "Asynchronous log dispatcher for DefaultDaemonConnection: socket connection from /127.0.0.1:13213 to /127.0.0.1:13214" [_thread_blocked, id=16780, stack(0x0000005f77600000,0x0000005f77700000)]
  0x0000017375565d90 JavaThread "Stdin handler" [_thread_blocked, id=25196, stack(0x0000005f77700000,0x0000005f77800000)]
  0x0000017375562af0 JavaThread "Daemon client event forwarder" [_thread_blocked, id=18164, stack(0x0000005f77800000,0x0000005f77900000)]
  0x0000017375565880 JavaThread "Cache worker for journal cache (C:\Users\Drews\.gradle\caches\journal-1)" [_thread_blocked, id=21796, stack(0x0000005f77a00000,0x0000005f77b00000)]
  0x0000017375563000 JavaThread "File lock request listener" [_thread_in_native, id=23224, stack(0x0000005f77b00000,0x0000005f77c00000)]
  0x0000017375563510 JavaThread "Cache worker for file hash cache (C:\Users\Drews\.gradle\caches\8.4\fileHashes)" [_thread_blocked, id=24668, stack(0x0000005f77c00000,0x0000005f77d00000)]
  0x0000017375563a20 JavaThread "File watcher server" daemon [_thread_in_native, id=8400, stack(0x0000005f77d00000,0x0000005f77e00000)]
  0x0000017375563f30 JavaThread "File watcher consumer" daemon [_thread_blocked, id=2124, stack(0x0000005f77e00000,0x0000005f77f00000)]
  0x0000017375564440 JavaThread "Cache worker for checksums cache (C:\Users\Drews\AndroidStudioProjects\Chessin\.gradle\8.4\checksums)" [_thread_blocked, id=19688, stack(0x0000005f77f00000,0x0000005f78000000)]
  0x00000173774189b0 JavaThread "Cache worker for file hash cache (C:\Users\Drews\AndroidStudioProjects\Chessin\.gradle\8.4\fileHashes)" [_thread_blocked, id=22936, stack(0x0000005f78000000,0x0000005f78100000)]
  0x000001737741a810 JavaThread "Cache worker for cache directory md-supplier (C:\Users\Drews\.gradle\caches\8.4\md-supplier)" [_thread_blocked, id=21292, stack(0x0000005f78700000,0x0000005f78800000)]
  0x0000017377417f90 JavaThread "Cache worker for file content cache (C:\Users\Drews\.gradle\caches\8.4\fileContent)" [_thread_blocked, id=18692, stack(0x0000005f78800000,0x0000005f78900000)]
  0x0000017377419df0 JavaThread "Cache worker for cache directory md-rule (C:\Users\Drews\.gradle\caches\8.4\md-rule)" [_thread_blocked, id=15776, stack(0x0000005f78900000,0x0000005f78a00000)]
  0x0000017377417060 JavaThread "Cache worker for execution history cache (C:\Users\Drews\.gradle\caches\8.4\executionHistory)" [_thread_blocked, id=25448, stack(0x0000005f78a00000,0x0000005f78b00000)]
  0x00000173774193d0 JavaThread "Cache worker for kotlin-dsl (C:\Users\Drews\.gradle\caches\8.4\kotlin-dsl)" [_thread_blocked, id=5108, stack(0x0000005f78b00000,0x0000005f78c00000)]
  0x000001737741a300 JavaThread "jar transforms" [_thread_blocked, id=24728, stack(0x0000005f78c00000,0x0000005f78d00000)]
  0x0000017377418ec0 JavaThread "jar transforms Thread 2" [_thread_blocked, id=20416, stack(0x0000005f78d00000,0x0000005f78e00000)]
  0x000001737741ad20 JavaThread "Unconstrained build operations" [_thread_blocked, id=17940, stack(0x0000005f78e00000,0x0000005f78f00000)]
  0x0000017377417a80 JavaThread "jar transforms Thread 3" [_thread_blocked, id=16756, stack(0x0000005f78f00000,0x0000005f79000000)]
  0x00000173774198e0 JavaThread "jar transforms Thread 4" [_thread_blocked, id=18096, stack(0x0000005f79000000,0x0000005f79100000)]
  0x0000017377417570 JavaThread "jar transforms Thread 5" [_thread_blocked, id=10840, stack(0x0000005f79100000,0x0000005f79200000)]
  0x000001737741bc50 JavaThread "jar transforms Thread 6" [_thread_blocked, id=22272, stack(0x0000005f79200000,0x0000005f79300000)]
  0x000001737741b230 JavaThread "Cache worker for dependencies-accessors (C:\Users\Drews\AndroidStudioProjects\Chessin\.gradle\8.4\dependencies-accessors)" [_thread_blocked, id=12016, stack(0x0000005f79300000,0x0000005f79400000)]
  0x000001737741b740 JavaThread "Cache worker for Build Output Cleanup Cache (C:\Users\Drews\AndroidStudioProjects\Chessin\.gradle\buildOutputCleanup)" [_thread_blocked, id=12548, stack(0x0000005f79400000,0x0000005f79500000)]
  0x00000173774184a0 JavaThread "jar transforms Thread 7" [_thread_blocked, id=448, stack(0x0000005f79500000,0x0000005f79600000)]
  0x000001737741cb80 JavaThread "jar transforms Thread 8" [_thread_blocked, id=17228, stack(0x0000005f79600000,0x0000005f79700000)]
  0x000001737741d090 JavaThread "Unconstrained build operations Thread 2" [_thread_blocked, id=21656, stack(0x0000005f79800000,0x0000005f79900000)]
  0x000001737741d5a0 JavaThread "Unconstrained build operations Thread 3" [_thread_blocked, id=20500, stack(0x0000005f79900000,0x0000005f79a00000)]
  0x000001737741e9e0 JavaThread "Unconstrained build operations Thread 4" [_thread_blocked, id=20004, stack(0x0000005f79a00000,0x0000005f79b00000)]
  0x000001737741dfc0 JavaThread "Unconstrained build operations Thread 5" [_thread_blocked, id=3180, stack(0x0000005f79b00000,0x0000005f79c00000)]
  0x000001737741e4d0 JavaThread "Unconstrained build operations Thread 6" [_thread_blocked, id=11924, stack(0x0000005f79c00000,0x0000005f79d00000)]
  0x000001737741c670 JavaThread "Unconstrained build operations Thread 7" [_thread_blocked, id=22540, stack(0x0000005f79d00000,0x0000005f79e00000)]
  0x00000173793cedf0 JavaThread "Unconstrained build operations Thread 8" [_thread_blocked, id=15152, stack(0x0000005f79e00000,0x0000005f79f00000)]
  0x00000173793cc570 JavaThread "Unconstrained build operations Thread 9" [_thread_blocked, id=15348, stack(0x0000005f79f00000,0x0000005f7a000000)]
  0x00000173793cca80 JavaThread "Unconstrained build operations Thread 10" [_thread_blocked, id=24776, stack(0x0000005f7a000000,0x0000005f7a100000)]
  0x00000173793cd9b0 JavaThread "Unconstrained build operations Thread 11" [_thread_blocked, id=18492, stack(0x0000005f7a100000,0x0000005f7a200000)]
  0x00000173793cf300 JavaThread "Unconstrained build operations Thread 12" [_thread_blocked, id=14932, stack(0x0000005f7a200000,0x0000005f7a300000)]
  0x00000173793ce3d0 JavaThread "jar transforms Thread 9" [_thread_blocked, id=21948, stack(0x0000005f79700000,0x0000005f79800000)]
  0x00000173793ce8e0 JavaThread "jar transforms Thread 10" [_thread_blocked, id=11380, stack(0x0000005f7a300000,0x0000005f7a400000)]
  0x00000173793ccf90 JavaThread "jar transforms Thread 11" [_thread_blocked, id=24108, stack(0x0000005f7a400000,0x0000005f7a500000)]
  0x00000173793cf810 JavaThread "jar transforms Thread 12" [_thread_blocked, id=18884, stack(0x0000005f7a500000,0x0000005f7a600000)]
  0x00000173745ea6a0 JavaThread "C2 CompilerThread1" daemon [_thread_in_native, id=392, stack(0x0000005f7a600000,0x0000005f7a700000)]
  0x00000173793cd4a0 JavaThread "Kotlin DSL Writer" [_thread_blocked, id=19652, stack(0x0000005f7a700000,0x0000005f7a800000)]
  0x000001737666e290 JavaThread "Memory manager" [_thread_blocked, id=22128, stack(0x0000005f7b100000,0x0000005f7b200000)]
  0x000001737666f6d0 JavaThread "build event listener" [_thread_blocked, id=23836, stack(0x0000005f7b200000,0x0000005f7b300000)]

Other Threads:
  0x000001732e6fdfa0 VMThread "VM Thread" [stack: 0x0000005f75d00000,0x0000005f75e00000] [id=11232]
  0x000001730f861010 WatcherThread [stack: 0x0000005f76900000,0x0000005f76a00000] [id=18064]
  0x000001730f8be030 GCTaskThread "GC Thread#0" [stack: 0x0000005f75800000,0x0000005f75900000] [id=22576]
  0x0000017374726190 GCTaskThread "GC Thread#1" [stack: 0x0000005f76a00000,0x0000005f76b00000] [id=18644]
  0x0000017374726450 GCTaskThread "GC Thread#2" [stack: 0x0000005f76b00000,0x0000005f76c00000] [id=23896]
  0x00000173748a9790 GCTaskThread "GC Thread#3" [stack: 0x0000005f76c00000,0x0000005f76d00000] [id=3408]
  0x00000173748a9a50 GCTaskThread "GC Thread#4" [stack: 0x0000005f76d00000,0x0000005f76e00000] [id=5380]
  0x0000017374adf040 GCTaskThread "GC Thread#5" [stack: 0x0000005f76e00000,0x0000005f76f00000] [id=14856]
  0x0000017375e11c90 GCTaskThread "GC Thread#6" [stack: 0x0000005f78100000,0x0000005f78200000] [id=18768]
  0x0000017377c89420 GCTaskThread "GC Thread#7" [stack: 0x0000005f78200000,0x0000005f78300000] [id=12316]
  0x0000017377c896e0 GCTaskThread "GC Thread#8" [stack: 0x0000005f78300000,0x0000005f78400000] [id=15524]
  0x000001737679da20 GCTaskThread "GC Thread#9" [stack: 0x0000005f78400000,0x0000005f78500000] [id=23168]
  0x000001730f8cee90 ConcurrentGCThread "G1 Main Marker" [stack: 0x0000005f75900000,0x0000005f75a00000] [id=16400]
  0x000001730f8d1330 ConcurrentGCThread "G1 Conc#0" [stack: 0x0000005f75a00000,0x0000005f75b00000] [id=16292]
  0x0000017375ff5860 ConcurrentGCThread "G1 Conc#1" [stack: 0x0000005f78500000,0x0000005f78600000] [id=1804]
  0x0000017375ff5020 ConcurrentGCThread "G1 Conc#2" [stack: 0x0000005f78600000,0x0000005f78700000] [id=21840]
  0x000001732e5b9520 ConcurrentGCThread "G1 Refine#0" [stack: 0x0000005f75b00000,0x0000005f75c00000] [id=16532]
  0x000001737891bc70 ConcurrentGCThread "G1 Refine#1" [stack: 0x0000005f7a800000,0x0000005f7a900000] [id=21516]
  0x0000017374991bb0 ConcurrentGCThread "G1 Refine#2" [stack: 0x0000005f7a900000,0x0000005f7aa00000] [id=19340]
  0x00000173760226e0 ConcurrentGCThread "G1 Refine#3" [stack: 0x0000005f7aa00000,0x0000005f7ab00000] [id=22176]
  0x0000017379816030 ConcurrentGCThread "G1 Refine#4" [stack: 0x0000005f7ab00000,0x0000005f7ac00000] [id=9076]
  0x0000017375c48690 ConcurrentGCThread "G1 Refine#5" [stack: 0x0000005f7ac00000,0x0000005f7ad00000] [id=11352]
  0x0000017378f8fba0 ConcurrentGCThread "G1 Refine#6" [stack: 0x0000005f7ad00000,0x0000005f7ae00000] [id=24288]
  0x0000017378a1fff0 ConcurrentGCThread "G1 Refine#7" [stack: 0x0000005f7ae00000,0x0000005f7af00000] [id=25544]
  0x00000173764b30b0 ConcurrentGCThread "G1 Refine#8" [stack: 0x0000005f7af00000,0x0000005f7b000000] [id=16828]
  0x0000017378ea0990 ConcurrentGCThread "G1 Refine#9" [stack: 0x0000005f7b000000,0x0000005f7b100000] [id=22440]
  0x000001732e5b9810 ConcurrentGCThread "G1 Service" [stack: 0x0000005f75c00000,0x0000005f75d00000] [id=15432]

Threads with active compile tasks:
C2 CompilerThread0    20667 12700       4       org.jetbrains.kotlin.com.intellij.openapi.vfs.impl.jar.CoreJarVirtualFile::getPath (130 bytes)
C1 CompilerThread0    20667 12946       2       org.jetbrains.kotlin.util.Checks::isApplicable (99 bytes)
C2 CompilerThread1    20667 12702   !   4       org.jetbrains.kotlin.metadata.jvm.JvmModuleProtoBuf$PackageParts::<init> (1103 bytes)

VM state: not at safepoint (normal execution)

VM Mutex/Monitor currently owned by a thread: None

Heap address: 0x0000000080000000, size: 2048 MB, Compressed Oops mode: 32-bit

CDS archive(s) mapped at: [0x000001732f000000-0x000001732fbd0000-0x000001732fbd0000), size 12386304, SharedBaseAddress: 0x000001732f000000, ArchiveRelocationMode: 1.
Compressed class space mapped at: 0x0000017330000000-0x0000017370000000, reserved size: 1073741824
Narrow klass base: 0x000001732f000000, Narrow klass shift: 0, Narrow klass range: 0x100000000

GC Precious Log:
 CPUs: 12 total, 12 available
 Memory: 17285M
 Large Page Support: Disabled
 NUMA Support: Disabled
 Compressed Oops: Enabled (32-bit)
 Heap Region Size: 1M
 Heap Min Capacity: 8M
 Heap Initial Capacity: 272M
 Heap Max Capacity: 2G
 Pre-touch: Disabled
 Parallel Workers: 10
 Concurrent Workers: 3
 Concurrent Refinement Workers: 10
 Periodic GC: Disabled

Heap:
 garbage-first heap   total 251904K, used 142390K [0x0000000080000000, 0x0000000100000000)
  region size 1024K, 3 young (3072K), 2 survivors (2048K)
 Metaspace       used 126375K, committed 127104K, reserved 1179648K
  class space    used 16478K, committed 16832K, reserved 1048576K

Heap Regions: E=young(eden), S=young(survivor), O=old, HS=humongous(starts), HC=humongous(continues), CS=collection set, F=free, OA=open archive, CA=closed archive, TAMS=top-at-mark-start (previous, next)
|   0|0x0000000080000000, 0x0000000080100000, 0x0000000080100000|100%|HS|  |TAMS 0x0000000080100000, 0x0000000080000000| Complete 
|   1|0x0000000080100000, 0x0000000080200000, 0x0000000080200000|100%|HC|  |TAMS 0x0000000080200000, 0x0000000080100000| Complete 
|   2|0x0000000080200000, 0x0000000080300000, 0x0000000080300000|100%|HC|  |TAMS 0x0000000080300000, 0x0000000080200000| Complete 
|   3|0x0000000080300000, 0x0000000080400000, 0x0000000080400000|100%|HC|  |TAMS 0x0000000080400000, 0x0000000080300000| Complete 
|   4|0x0000000080400000, 0x0000000080500000, 0x0000000080500000|100%| O|  |TAMS 0x0000000080500000, 0x0000000080400000| Untracked 
|   5|0x0000000080500000, 0x0000000080600000, 0x0000000080600000|100%| O|  |TAMS 0x0000000080600000, 0x0000000080500000| Untracked 
|   6|0x0000000080600000, 0x0000000080700000, 0x0000000080700000|100%| O|  |TAMS 0x0000000080700000, 0x0000000080600000| Untracked 
|   7|0x0000000080700000, 0x0000000080800000, 0x0000000080800000|100%| O|  |TAMS 0x0000000080800000, 0x0000000080700000| Untracked 
|   8|0x0000000080800000, 0x0000000080900000, 0x0000000080900000|100%| O|  |TAMS 0x0000000080900000, 0x0000000080800000| Untracked 
|   9|0x0000000080900000, 0x0000000080a00000, 0x0000000080a00000|100%| O|  |TAMS 0x0000000080a00000, 0x0000000080900000| Untracked 
|  10|0x0000000080a00000, 0x0000000080b00000, 0x0000000080b00000|100%| O|  |TAMS 0x0000000080b00000, 0x0000000080a00000| Untracked 
|  11|0x0000000080b00000, 0x0000000080b9d400, 0x0000000080c00000| 61%| O|  |TAMS 0x0000000080b9d400, 0x0000000080b00000| Untracked 
|  12|0x0000000080c00000, 0x0000000080d00000, 0x0000000080d00000|100%| O|  |TAMS 0x0000000080d00000, 0x0000000080c00000| Untracked 
|  13|0x0000000080d00000, 0x0000000080e00000, 0x0000000080e00000|100%| O|  |TAMS 0x0000000080e00000, 0x0000000080d00000| Untracked 
|  14|0x0000000080e00000, 0x0000000080f00000, 0x0000000080f00000|100%| O|  |TAMS 0x0000000080f00000, 0x0000000080e00000| Untracked 
|  15|0x0000000080f00000, 0x0000000081000000, 0x0000000081000000|100%| O|  |TAMS 0x0000000081000000, 0x0000000080f00000| Untracked 
|  16|0x0000000081000000, 0x0000000081100000, 0x0000000081100000|100%| O|  |TAMS 0x0000000081100000, 0x0000000081000000| Untracked 
|  17|0x0000000081100000, 0x0000000081200000, 0x0000000081200000|100%| O|  |TAMS 0x0000000081200000, 0x0000000081100000| Untracked 
|  18|0x0000000081200000, 0x0000000081300000, 0x0000000081300000|100%| O|  |TAMS 0x0000000081300000, 0x0000000081200000| Untracked 
|  19|0x0000000081300000, 0x0000000081400000, 0x0000000081400000|100%| O|  |TAMS 0x0000000081400000, 0x0000000081300000| Untracked 
|  20|0x0000000081400000, 0x0000000081500000, 0x0000000081500000|100%| O|  |TAMS 0x0000000081500000, 0x0000000081400000| Untracked 
|  21|0x0000000081500000, 0x0000000081600000, 0x0000000081600000|100%| O|  |TAMS 0x0000000081600000, 0x0000000081500000| Untracked 
|  22|0x0000000081600000, 0x0000000081700000, 0x0000000081700000|100%| O|  |TAMS 0x0000000081700000, 0x0000000081600000| Untracked 
|  23|0x0000000081700000, 0x0000000081800000, 0x0000000081800000|100%| O|  |TAMS 0x0000000081800000, 0x0000000081700000| Untracked 
|  24|0x0000000081800000, 0x0000000081900000, 0x0000000081900000|100%| O|  |TAMS 0x0000000081900000, 0x0000000081800000| Untracked 
|  25|0x0000000081900000, 0x0000000081a00000, 0x0000000081a00000|100%| O|  |TAMS 0x0000000081a00000, 0x0000000081900000| Untracked 
|  26|0x0000000081a00000, 0x0000000081b00000, 0x0000000081b00000|100%| O|  |TAMS 0x0000000081b00000, 0x0000000081a00000| Untracked 
|  27|0x0000000081b00000, 0x0000000081c00000, 0x0000000081c00000|100%| O|  |TAMS 0x0000000081c00000, 0x0000000081b00000| Untracked 
|  28|0x0000000081c00000, 0x0000000081d00000, 0x0000000081d00000|100%| O|  |TAMS 0x0000000081d00000, 0x0000000081c00000| Untracked 
|  29|0x0000000081d00000, 0x0000000081e00000, 0x0000000081e00000|100%| O|  |TAMS 0x0000000081e00000, 0x0000000081d00000| Untracked 
|  30|0x0000000081e00000, 0x0000000081f00000, 0x0000000081f00000|100%| O|  |TAMS 0x0000000081f00000, 0x0000000081e00000| Untracked 
|  31|0x0000000081f00000, 0x0000000082000000, 0x0000000082000000|100%| O|  |TAMS 0x0000000082000000, 0x0000000081f00000| Untracked 
|  32|0x0000000082000000, 0x0000000082100000, 0x0000000082100000|100%| O|  |TAMS 0x0000000082100000, 0x0000000082000000| Untracked 
|  33|0x0000000082100000, 0x0000000082200000, 0x0000000082200000|100%| O|  |TAMS 0x0000000082200000, 0x0000000082100000| Untracked 
|  34|0x0000000082200000, 0x0000000082300000, 0x0000000082300000|100%| O|  |TAMS 0x0000000082300000, 0x0000000082200000| Untracked 
|  35|0x0000000082300000, 0x0000000082400000, 0x0000000082400000|100%| O|  |TAMS 0x0000000082400000, 0x0000000082300000| Untracked 
|  36|0x0000000082400000, 0x0000000082500000, 0x0000000082500000|100%| O|  |TAMS 0x0000000082500000, 0x0000000082400000| Untracked 
|  37|0x0000000082500000, 0x0000000082600000, 0x0000000082600000|100%| O|  |TAMS 0x0000000082600000, 0x0000000082500000| Untracked 
|  38|0x0000000082600000, 0x0000000082700000, 0x0000000082700000|100%| O|  |TAMS 0x0000000082700000, 0x0000000082600000| Untracked 
|  39|0x0000000082700000, 0x0000000082800000, 0x0000000082800000|100%| O|  |TAMS 0x0000000082800000, 0x0000000082700000| Untracked 
|  40|0x0000000082800000, 0x0000000082900000, 0x0000000082900000|100%| O|  |TAMS 0x0000000082900000, 0x0000000082800000| Untracked 
|  41|0x0000000082900000, 0x0000000082a00000, 0x0000000082a00000|100%| O|  |TAMS 0x0000000082a00000, 0x0000000082900000| Untracked 
|  42|0x0000000082a00000, 0x0000000082b00000, 0x0000000082b00000|100%| O|  |TAMS 0x0000000082b00000, 0x0000000082a00000| Untracked 
|  43|0x0000000082b00000, 0x0000000082c00000, 0x0000000082c00000|100%| O|  |TAMS 0x0000000082c00000, 0x0000000082b00000| Untracked 
|  44|0x0000000082c00000, 0x0000000082d00000, 0x0000000082d00000|100%| O|  |TAMS 0x0000000082d00000, 0x0000000082c00000| Untracked 
|  45|0x0000000082d00000, 0x0000000082e00000, 0x0000000082e00000|100%| O|  |TAMS 0x0000000082e00000, 0x0000000082d00000| Untracked 
|  46|0x0000000082e00000, 0x0000000082f00000, 0x0000000082f00000|100%| O|  |TAMS 0x0000000082f00000, 0x0000000082e00000| Untracked 
|  47|0x0000000082f00000, 0x0000000083000000, 0x0000000083000000|100%| O|  |TAMS 0x0000000083000000, 0x0000000082f00000| Untracked 
|  48|0x0000000083000000, 0x0000000083100000, 0x0000000083100000|100%| O|  |TAMS 0x0000000083100000, 0x0000000083000000| Untracked 
|  49|0x0000000083100000, 0x0000000083200000, 0x0000000083200000|100%| O|  |TAMS 0x0000000083200000, 0x0000000083100000| Untracked 
|  50|0x0000000083200000, 0x0000000083300000, 0x0000000083300000|100%| O|  |TAMS 0x0000000083300000, 0x0000000083200000| Untracked 
|  51|0x0000000083300000, 0x0000000083400000, 0x0000000083400000|100%| O|  |TAMS 0x0000000083400000, 0x0000000083300000| Untracked 
|  52|0x0000000083400000, 0x0000000083500000, 0x0000000083500000|100%| O|  |TAMS 0x0000000083500000, 0x0000000083400000| Untracked 
|  53|0x0000000083500000, 0x0000000083600000, 0x0000000083600000|100%| O|  |TAMS 0x0000000083600000, 0x0000000083500000| Untracked 
|  54|0x0000000083600000, 0x0000000083700000, 0x0000000083700000|100%| O|  |TAMS 0x0000000083700000, 0x0000000083600000| Untracked 
|  55|0x0000000083700000, 0x0000000083800000, 0x0000000083800000|100%| O|  |TAMS 0x0000000083800000, 0x0000000083700000| Untracked 
|  56|0x0000000083800000, 0x0000000083900000, 0x0000000083900000|100%| O|  |TAMS 0x0000000083900000, 0x0000000083800000| Untracked 
|  57|0x0000000083900000, 0x0000000083a00000, 0x0000000083a00000|100%| O|  |TAMS 0x0000000083a00000, 0x0000000083900000| Untracked 
|  58|0x0000000083a00000, 0x0000000083b00000, 0x0000000083b00000|100%| O|  |TAMS 0x0000000083b00000, 0x0000000083a00000| Untracked 
|  59|0x0000000083b00000, 0x0000000083c00000, 0x0000000083c00000|100%| O|  |TAMS 0x0000000083c00000, 0x0000000083b00000| Untracked 
|  60|0x0000000083c00000, 0x0000000083d00000, 0x0000000083d00000|100%| O|  |TAMS 0x0000000083d00000, 0x0000000083c00000| Untracked 
|  61|0x0000000083d00000, 0x0000000083e00000, 0x0000000083e00000|100%| O|  |TAMS 0x0000000083e00000, 0x0000000083d00000| Untracked 
|  62|0x0000000083e00000, 0x0000000083f00000, 0x0000000083f00000|100%| O|  |TAMS 0x0000000083f00000, 0x0000000083e00000| Untracked 
|  63|0x0000000083f00000, 0x0000000084000000, 0x0000000084000000|100%| O|  |TAMS 0x0000000084000000, 0x0000000083f00000| Untracked 
|  64|0x0000000084000000, 0x0000000084100000, 0x0000000084100000|100%|HS|  |TAMS 0x0000000084100000, 0x0000000084000000| Complete 
|  65|0x0000000084100000, 0x0000000084200000, 0x0000000084200000|100%|HC|  |TAMS 0x0000000084200000, 0x0000000084100000| Complete 
|  66|0x0000000084200000, 0x0000000084300000, 0x0000000084300000|100%|HC|  |TAMS 0x0000000084300000, 0x0000000084200000| Complete 
|  67|0x0000000084300000, 0x0000000084400000, 0x0000000084400000|100%|HC|  |TAMS 0x0000000084400000, 0x0000000084300000| Complete 
|  68|0x0000000084400000, 0x0000000084500000, 0x0000000084500000|100%|HC|  |TAMS 0x0000000084500000, 0x0000000084400000| Complete 
|  69|0x0000000084500000, 0x0000000084600000, 0x0000000084600000|100%|HC|  |TAMS 0x0000000084600000, 0x0000000084500000| Complete 
|  70|0x0000000084600000, 0x0000000084700000, 0x0000000084700000|100%|HS|  |TAMS 0x0000000084700000, 0x0000000084600000| Complete 
|  71|0x0000000084700000, 0x0000000084800000, 0x0000000084800000|100%|HS|  |TAMS 0x0000000084800000, 0x0000000084700000| Complete 
|  72|0x0000000084800000, 0x0000000084900000, 0x0000000084900000|100%|HS|  |TAMS 0x0000000084900000, 0x0000000084800000| Complete 
|  73|0x0000000084900000, 0x0000000084a00000, 0x0000000084a00000|100%|HS|  |TAMS 0x0000000084a00000, 0x0000000084900000| Complete 
|  74|0x0000000084a00000, 0x0000000084b00000, 0x0000000084b00000|100%|HC|  |TAMS 0x0000000084b00000, 0x0000000084a00000| Complete 
|  75|0x0000000084b00000, 0x0000000084c00000, 0x0000000084c00000|100%|HS|  |TAMS 0x0000000084c00000, 0x0000000084b00000| Complete 
|  76|0x0000000084c00000, 0x0000000084d00000, 0x0000000084d00000|100%|HS|  |TAMS 0x0000000084d00000, 0x0000000084c00000| Complete 
|  77|0x0000000084d00000, 0x0000000084e00000, 0x0000000084e00000|100%|HC|  |TAMS 0x0000000084e00000, 0x0000000084d00000| Complete 
|  78|0x0000000084e00000, 0x0000000084f00000, 0x0000000084f00000|100%|HC|  |TAMS 0x0000000084f00000, 0x0000000084e00000| Complete 
|  79|0x0000000084f00000, 0x0000000085000000, 0x0000000085000000|100%|HC|  |TAMS 0x0000000085000000, 0x0000000084f00000| Complete 
|  80|0x0000000085000000, 0x0000000085100000, 0x0000000085100000|100%| O|  |TAMS 0x0000000085100000, 0x0000000085000000| Untracked 
|  81|0x0000000085100000, 0x0000000085200000, 0x0000000085200000|100%| O|  |TAMS 0x0000000085200000, 0x0000000085100000| Untracked 
|  82|0x0000000085200000, 0x0000000085300000, 0x0000000085300000|100%| O|  |TAMS 0x0000000085300000, 0x0000000085200000| Untracked 
|  83|0x0000000085300000, 0x0000000085400000, 0x0000000085400000|100%| O|  |TAMS 0x0000000085400000, 0x0000000085300000| Untracked 
|  84|0x0000000085400000, 0x0000000085500000, 0x0000000085500000|100%| O|  |TAMS 0x0000000085500000, 0x0000000085400000| Untracked 
|  85|0x0000000085500000, 0x0000000085600000, 0x0000000085600000|100%| O|  |TAMS 0x0000000085600000, 0x0000000085500000| Untracked 
|  86|0x0000000085600000, 0x0000000085700000, 0x0000000085700000|100%| O|  |TAMS 0x0000000085700000, 0x0000000085600000| Untracked 
|  87|0x0000000085700000, 0x0000000085800000, 0x0000000085800000|100%| O|  |TAMS 0x0000000085800000, 0x0000000085700000| Untracked 
|  88|0x0000000085800000, 0x0000000085900000, 0x0000000085900000|100%| O|  |TAMS 0x0000000085900000, 0x0000000085800000| Untracked 
|  89|0x0000000085900000, 0x0000000085a00000, 0x0000000085a00000|100%| O|  |TAMS 0x0000000085a00000, 0x0000000085900000| Untracked 
|  90|0x0000000085a00000, 0x0000000085b00000, 0x0000000085b00000|100%| O|  |TAMS 0x0000000085b00000, 0x0000000085a00000| Untracked 
|  91|0x0000000085b00000, 0x0000000085c00000, 0x0000000085c00000|100%| O|  |TAMS 0x0000000085c00000, 0x0000000085b00000| Untracked 
|  92|0x0000000085c00000, 0x0000000085d00000, 0x0000000085d00000|100%| O|  |TAMS 0x0000000085c00000, 0x0000000085c00000| Untracked 
|  93|0x0000000085d00000, 0x0000000085e00000, 0x0000000085e00000|100%| O|  |TAMS 0x0000000085d00000, 0x0000000085d00000| Untracked 
|  94|0x0000000085e00000, 0x0000000085f00000, 0x0000000085f00000|100%| O|  |TAMS 0x0000000085f00000, 0x0000000085e00000| Complete 
|  95|0x0000000085f00000, 0x0000000086000000, 0x0000000086000000|100%| O|  |TAMS 0x0000000086000000, 0x0000000085f00000| Untracked 
|  96|0x0000000086000000, 0x0000000086100000, 0x0000000086100000|100%| O|  |TAMS 0x0000000086000000, 0x0000000086000000| Untracked 
|  97|0x0000000086100000, 0x0000000086200000, 0x0000000086200000|100%| O|  |TAMS 0x0000000086100000, 0x0000000086100000| Untracked 
|  98|0x0000000086200000, 0x0000000086200000, 0x0000000086300000|  0%| F|  |TAMS 0x0000000086200000, 0x0000000086200000| Untracked 
|  99|0x0000000086300000, 0x0000000086400000, 0x0000000086400000|100%| O|  |TAMS 0x0000000086400000, 0x0000000086300000| Untracked 
| 100|0x0000000086400000, 0x0000000086500000, 0x0000000086500000|100%|HS|  |TAMS 0x0000000086500000, 0x0000000086400000| Complete 
| 101|0x0000000086500000, 0x0000000086600000, 0x0000000086600000|100%|HC|  |TAMS 0x0000000086600000, 0x0000000086500000| Complete 
| 102|0x0000000086600000, 0x0000000086700000, 0x0000000086700000|100%|HS|  |TAMS 0x0000000086700000, 0x0000000086600000| Complete 
| 103|0x0000000086700000, 0x0000000086800000, 0x0000000086800000|100%| O|  |TAMS 0x0000000086800000, 0x0000000086700000| Untracked 
| 104|0x0000000086800000, 0x0000000086900000, 0x0000000086900000|100%| O|  |TAMS 0x0000000086900000, 0x0000000086800000| Untracked 
| 105|0x0000000086900000, 0x0000000086a00000, 0x0000000086a00000|100%| O|  |TAMS 0x0000000086a00000, 0x0000000086900000| Untracked 
| 106|0x0000000086a00000, 0x0000000086b00000, 0x0000000086b00000|100%| O|  |TAMS 0x0000000086b00000, 0x0000000086a00000| Untracked 
| 107|0x0000000086b00000, 0x0000000086c00000, 0x0000000086c00000|100%| O|  |TAMS 0x0000000086c00000, 0x0000000086b00000| Untracked 
| 108|0x0000000086c00000, 0x0000000086d00000, 0x0000000086d00000|100%| O|  |TAMS 0x0000000086d00000, 0x0000000086c00000| Untracked 
| 109|0x0000000086d00000, 0x0000000086e00000, 0x0000000086e00000|100%| O|  |TAMS 0x0000000086e00000, 0x0000000086d00000| Untracked 
| 110|0x0000000086e00000, 0x0000000086f00000, 0x0000000086f00000|100%| O|  |TAMS 0x0000000086f00000, 0x0000000086e00000| Untracked 
| 111|0x0000000086f00000, 0x0000000087000000, 0x0000000087000000|100%| O|  |TAMS 0x0000000087000000, 0x0000000086f00000| Untracked 
| 112|0x0000000087000000, 0x0000000087100000, 0x0000000087100000|100%| O|  |TAMS 0x0000000087100000, 0x0000000087000000| Untracked 
| 113|0x0000000087100000, 0x0000000087200000, 0x0000000087200000|100%| O|  |TAMS 0x0000000087200000, 0x0000000087100000| Untracked 
| 114|0x0000000087200000, 0x0000000087300000, 0x0000000087300000|100%| O|  |TAMS 0x0000000087300000, 0x0000000087200000| Untracked 
| 115|0x0000000087300000, 0x0000000087400000, 0x0000000087400000|100%| O|  |TAMS 0x0000000087400000, 0x0000000087300000| Complete 
| 116|0x0000000087400000, 0x0000000087500000, 0x0000000087500000|100%| O|  |TAMS 0x0000000087500000, 0x0000000087400000| Untracked 
| 117|0x0000000087500000, 0x0000000087600000, 0x0000000087600000|100%| O|  |TAMS 0x0000000087600000, 0x0000000087500000| Untracked 
| 118|0x0000000087600000, 0x0000000087700000, 0x0000000087700000|100%| O|  |TAMS 0x0000000087700000, 0x0000000087600000| Untracked 
| 119|0x0000000087700000, 0x0000000087800000, 0x0000000087800000|100%| O|  |TAMS 0x0000000087800000, 0x0000000087700000| Untracked 
| 120|0x0000000087800000, 0x0000000087900000, 0x0000000087900000|100%| O|  |TAMS 0x0000000087900000, 0x0000000087800000| Untracked 
| 121|0x0000000087900000, 0x0000000087a00000, 0x0000000087a00000|100%| O|  |TAMS 0x0000000087a00000, 0x0000000087900000| Untracked 
| 122|0x0000000087a00000, 0x0000000087b00000, 0x0000000087b00000|100%| O|  |TAMS 0x0000000087b00000, 0x0000000087a00000| Untracked 
| 123|0x0000000087b00000, 0x0000000087c00000, 0x0000000087c00000|100%| O|  |TAMS 0x0000000087c00000, 0x0000000087b00000| Untracked 
| 124|0x0000000087c00000, 0x0000000087d00000, 0x0000000087d00000|100%| O|  |TAMS 0x0000000087d00000, 0x0000000087c00000| Untracked 
| 125|0x0000000087d00000, 0x0000000087e00000, 0x0000000087e00000|100%| O|  |TAMS 0x0000000087e00000, 0x0000000087d00000| Untracked 
| 126|0x0000000087e00000, 0x0000000087f00000, 0x0000000087f00000|100%|HS|  |TAMS 0x0000000087f00000, 0x0000000087e00000| Complete 
| 127|0x0000000087f00000, 0x0000000088000000, 0x0000000088000000|100%|HC|  |TAMS 0x0000000088000000, 0x0000000087f00000| Complete 
| 128|0x0000000088000000, 0x0000000088100000, 0x0000000088100000|100%|HC|  |TAMS 0x0000000088100000, 0x0000000088000000| Complete 
| 129|0x0000000088100000, 0x0000000088200000, 0x0000000088200000|100%|HC|  |TAMS 0x0000000088200000, 0x0000000088100000| Complete 
| 130|0x0000000088200000, 0x0000000088300000, 0x0000000088300000|100%| O|  |TAMS 0x0000000088300000, 0x0000000088200000| Untracked 
| 131|0x0000000088300000, 0x0000000088400000, 0x0000000088400000|100%| O|  |TAMS 0x0000000088400000, 0x0000000088300000| Untracked 
| 132|0x0000000088400000, 0x0000000088500000, 0x0000000088500000|100%| O|  |TAMS 0x000000008849d400, 0x0000000088400000| Untracked 
| 133|0x0000000088500000, 0x0000000088600000, 0x0000000088600000|100%| O|  |TAMS 0x0000000088500000, 0x0000000088500000| Untracked 
| 134|0x0000000088600000, 0x0000000088700000, 0x0000000088700000|100%| O|  |TAMS 0x0000000088600000, 0x0000000088600000| Untracked 
| 135|0x0000000088700000, 0x0000000088800000, 0x0000000088800000|100%| O|  |TAMS 0x0000000088700000, 0x0000000088700000| Untracked 
| 136|0x0000000088800000, 0x0000000088831200, 0x0000000088900000| 19%| O|  |TAMS 0x0000000088800000, 0x0000000088800000| Untracked 
| 137|0x0000000088900000, 0x0000000088900000, 0x0000000088a00000|  0%| F|  |TAMS 0x0000000088900000, 0x0000000088900000| Untracked 
| 138|0x0000000088a00000, 0x0000000088a00000, 0x0000000088b00000|  0%| F|  |TAMS 0x0000000088a00000, 0x0000000088a00000| Untracked 
| 139|0x0000000088b00000, 0x0000000088b00000, 0x0000000088c00000|  0%| F|  |TAMS 0x0000000088b00000, 0x0000000088b00000| Untracked 
| 140|0x0000000088c00000, 0x0000000088c00000, 0x0000000088d00000|  0%| F|  |TAMS 0x0000000088c00000, 0x0000000088c00000| Untracked 
| 141|0x0000000088d00000, 0x0000000088d00000, 0x0000000088e00000|  0%| F|  |TAMS 0x0000000088d00000, 0x0000000088d00000| Untracked 
| 142|0x0000000088e00000, 0x0000000088e00000, 0x0000000088f00000|  0%| F|  |TAMS 0x0000000088e00000, 0x0000000088e00000| Untracked 
| 143|0x0000000088f00000, 0x0000000088f00000, 0x0000000089000000|  0%| F|  |TAMS 0x0000000088f00000, 0x0000000088f00000| Untracked 
| 144|0x0000000089000000, 0x0000000089000000, 0x0000000089100000|  0%| F|  |TAMS 0x0000000089000000, 0x0000000089000000| Untracked 
| 145|0x0000000089100000, 0x0000000089100000, 0x0000000089200000|  0%| F|  |TAMS 0x0000000089100000, 0x0000000089100000| Untracked 
| 146|0x0000000089200000, 0x0000000089200000, 0x0000000089300000|  0%| F|  |TAMS 0x0000000089200000, 0x0000000089200000| Untracked 
| 147|0x0000000089300000, 0x0000000089300000, 0x0000000089400000|  0%| F|  |TAMS 0x0000000089300000, 0x0000000089300000| Untracked 
| 148|0x0000000089400000, 0x0000000089400000, 0x0000000089500000|  0%| F|  |TAMS 0x0000000089400000, 0x0000000089400000| Untracked 
| 149|0x0000000089500000, 0x0000000089500000, 0x0000000089600000|  0%| F|  |TAMS 0x0000000089500000, 0x0000000089500000| Untracked 
| 150|0x0000000089600000, 0x0000000089600000, 0x0000000089700000|  0%| F|  |TAMS 0x0000000089600000, 0x0000000089600000| Untracked 
| 151|0x0000000089700000, 0x0000000089700000, 0x0000000089800000|  0%| F|  |TAMS 0x0000000089700000, 0x0000000089700000| Untracked 
| 152|0x0000000089800000, 0x0000000089800000, 0x0000000089900000|  0%| F|  |TAMS 0x0000000089800000, 0x0000000089800000| Untracked 
| 153|0x0000000089900000, 0x0000000089900000, 0x0000000089a00000|  0%| F|  |TAMS 0x0000000089900000, 0x0000000089900000| Untracked 
| 154|0x0000000089a00000, 0x0000000089a00000, 0x0000000089b00000|  0%| F|  |TAMS 0x0000000089a00000, 0x0000000089a00000| Untracked 
| 155|0x0000000089b00000, 0x0000000089b00000, 0x0000000089c00000|  0%| F|  |TAMS 0x0000000089b00000, 0x0000000089b00000| Untracked 
| 156|0x0000000089c00000, 0x0000000089c00000, 0x0000000089d00000|  0%| F|  |TAMS 0x0000000089c00000, 0x0000000089c00000| Untracked 
| 157|0x0000000089d00000, 0x0000000089d00000, 0x0000000089e00000|  0%| F|  |TAMS 0x0000000089d00000, 0x0000000089d00000| Untracked 
| 158|0x0000000089e00000, 0x0000000089e00000, 0x0000000089f00000|  0%| F|  |TAMS 0x0000000089e00000, 0x0000000089e00000| Untracked 
| 159|0x0000000089f00000, 0x0000000089f00000, 0x000000008a000000|  0%| F|  |TAMS 0x0000000089f00000, 0x0000000089f00000| Untracked 
| 160|0x000000008a000000, 0x000000008a000000, 0x000000008a100000|  0%| F|  |TAMS 0x000000008a000000, 0x000000008a000000| Untracked 
| 161|0x000000008a100000, 0x000000008a100000, 0x000000008a200000|  0%| F|  |TAMS 0x000000008a100000, 0x000000008a100000| Untracked 
| 162|0x000000008a200000, 0x000000008a200000, 0x000000008a300000|  0%| F|  |TAMS 0x000000008a200000, 0x000000008a200000| Untracked 
| 163|0x000000008a300000, 0x000000008a300000, 0x000000008a400000|  0%| F|  |TAMS 0x000000008a300000, 0x000000008a300000| Untracked 
| 164|0x000000008a400000, 0x000000008a400000, 0x000000008a500000|  0%| F|  |TAMS 0x000000008a400000, 0x000000008a400000| Untracked 
| 165|0x000000008a500000, 0x000000008a500000, 0x000000008a600000|  0%| F|  |TAMS 0x000000008a500000, 0x000000008a500000| Untracked 
| 166|0x000000008a600000, 0x000000008a600000, 0x000000008a700000|  0%| F|  |TAMS 0x000000008a600000, 0x000000008a600000| Untracked 
| 167|0x000000008a700000, 0x000000008a700000, 0x000000008a800000|  0%| F|  |TAMS 0x000000008a700000, 0x000000008a700000| Untracked 
| 168|0x000000008a800000, 0x000000008a800000, 0x000000008a900000|  0%| F|  |TAMS 0x000000008a800000, 0x000000008a800000| Untracked 
| 169|0x000000008a900000, 0x000000008a900000, 0x000000008aa00000|  0%| F|  |TAMS 0x000000008a900000, 0x000000008a900000| Untracked 
| 170|0x000000008aa00000, 0x000000008aa00000, 0x000000008ab00000|  0%| F|  |TAMS 0x000000008aa00000, 0x000000008aa00000| Untracked 
| 171|0x000000008ab00000, 0x000000008ab00000, 0x000000008ac00000|  0%| F|  |TAMS 0x000000008ab00000, 0x000000008ab00000| Untracked 
| 172|0x000000008ac00000, 0x000000008ac00000, 0x000000008ad00000|  0%| F|  |TAMS 0x000000008ac00000, 0x000000008ac00000| Untracked 
| 173|0x000000008ad00000, 0x000000008ad00000, 0x000000008ae00000|  0%| F|  |TAMS 0x000000008ad00000, 0x000000008ad00000| Untracked 
| 174|0x000000008ae00000, 0x000000008ae00000, 0x000000008af00000|  0%| F|  |TAMS 0x000000008ae00000, 0x000000008ae00000| Untracked 
| 175|0x000000008af00000, 0x000000008af00000, 0x000000008b000000|  0%| F|  |TAMS 0x000000008af00000, 0x000000008af00000| Untracked 
| 176|0x000000008b000000, 0x000000008b000000, 0x000000008b100000|  0%| F|  |TAMS 0x000000008b000000, 0x000000008b000000| Untracked 
| 177|0x000000008b100000, 0x000000008b100000, 0x000000008b200000|  0%| F|  |TAMS 0x000000008b100000, 0x000000008b100000| Untracked 
| 178|0x000000008b200000, 0x000000008b200000, 0x000000008b300000|  0%| F|  |TAMS 0x000000008b200000, 0x000000008b200000| Untracked 
| 179|0x000000008b300000, 0x000000008b300000, 0x000000008b400000|  0%| F|  |TAMS 0x000000008b300000, 0x000000008b300000| Untracked 
| 180|0x000000008b400000, 0x000000008b400000, 0x000000008b500000|  0%| F|  |TAMS 0x000000008b400000, 0x000000008b400000| Untracked 
| 181|0x000000008b500000, 0x000000008b500000, 0x000000008b600000|  0%| F|  |TAMS 0x000000008b500000, 0x000000008b500000| Untracked 
| 182|0x000000008b600000, 0x000000008b600000, 0x000000008b700000|  0%| F|  |TAMS 0x000000008b600000, 0x000000008b600000| Untracked 
| 183|0x000000008b700000, 0x000000008b700000, 0x000000008b800000|  0%| F|  |TAMS 0x000000008b700000, 0x000000008b700000| Untracked 
| 184|0x000000008b800000, 0x000000008b800000, 0x000000008b900000|  0%| F|  |TAMS 0x000000008b800000, 0x000000008b800000| Untracked 
| 185|0x000000008b900000, 0x000000008b900000, 0x000000008ba00000|  0%| F|  |TAMS 0x000000008b900000, 0x000000008b900000| Untracked 
| 186|0x000000008ba00000, 0x000000008ba00000, 0x000000008bb00000|  0%| F|  |TAMS 0x000000008ba00000, 0x000000008ba00000| Untracked 
| 187|0x000000008bb00000, 0x000000008bb00000, 0x000000008bc00000|  0%| F|  |TAMS 0x000000008bb00000, 0x000000008bb00000| Untracked 
| 188|0x000000008bc00000, 0x000000008bc00000, 0x000000008bd00000|  0%| F|  |TAMS 0x000000008bc00000, 0x000000008bc00000| Untracked 
| 189|0x000000008bd00000, 0x000000008bd00000, 0x000000008be00000|  0%| F|  |TAMS 0x000000008bd00000, 0x000000008bd00000| Untracked 
| 190|0x000000008be00000, 0x000000008be00000, 0x000000008bf00000|  0%| F|  |TAMS 0x000000008be00000, 0x000000008be00000| Untracked 
| 191|0x000000008bf00000, 0x000000008bf00000, 0x000000008c000000|  0%| F|  |TAMS 0x000000008bf00000, 0x000000008bf00000| Untracked 
| 192|0x000000008c000000, 0x000000008c000000, 0x000000008c100000|  0%| F|  |TAMS 0x000000008c000000, 0x000000008c000000| Untracked 
| 193|0x000000008c100000, 0x000000008c100000, 0x000000008c200000|  0%| F|  |TAMS 0x000000008c100000, 0x000000008c100000| Untracked 
| 194|0x000000008c200000, 0x000000008c200000, 0x000000008c300000|  0%| F|  |TAMS 0x000000008c200000, 0x000000008c200000| Untracked 
| 195|0x000000008c300000, 0x000000008c300000, 0x000000008c400000|  0%| F|  |TAMS 0x000000008c300000, 0x000000008c300000| Untracked 
| 196|0x000000008c400000, 0x000000008c400000, 0x000000008c500000|  0%| F|  |TAMS 0x000000008c400000, 0x000000008c400000| Untracked 
| 197|0x000000008c500000, 0x000000008c500000, 0x000000008c600000|  0%| F|  |TAMS 0x000000008c500000, 0x000000008c500000| Untracked 
| 198|0x000000008c600000, 0x000000008c600000, 0x000000008c700000|  0%| F|  |TAMS 0x000000008c600000, 0x000000008c600000| Untracked 
| 199|0x000000008c700000, 0x000000008c700000, 0x000000008c800000|  0%| F|  |TAMS 0x000000008c700000, 0x000000008c700000| Untracked 
| 200|0x000000008c800000, 0x000000008c800000, 0x000000008c900000|  0%| F|  |TAMS 0x000000008c800000, 0x000000008c800000| Untracked 
| 201|0x000000008c900000, 0x000000008c900000, 0x000000008ca00000|  0%| F|  |TAMS 0x000000008c900000, 0x000000008c900000| Untracked 
| 202|0x000000008ca00000, 0x000000008ca00000, 0x000000008cb00000|  0%| F|  |TAMS 0x000000008ca00000, 0x000000008ca00000| Untracked 
| 203|0x000000008cb00000, 0x000000008cb00000, 0x000000008cc00000|  0%| F|  |TAMS 0x000000008cb00000, 0x000000008cb00000| Untracked 
| 204|0x000000008cc00000, 0x000000008cc00000, 0x000000008cd00000|  0%| F|  |TAMS 0x000000008cc00000, 0x000000008cc00000| Untracked 
| 205|0x000000008cd00000, 0x000000008cd00000, 0x000000008ce00000|  0%| F|  |TAMS 0x000000008cd00000, 0x000000008cd00000| Untracked 
| 206|0x000000008ce00000, 0x000000008ce00000, 0x000000008cf00000|  0%| F|  |TAMS 0x000000008ce00000, 0x000000008ce00000| Untracked 
| 207|0x000000008cf00000, 0x000000008cf00000, 0x000000008d000000|  0%| F|  |TAMS 0x000000008cf00000, 0x000000008cf00000| Untracked 
| 208|0x000000008d000000, 0x000000008d000000, 0x000000008d100000|  0%| F|  |TAMS 0x000000008d000000, 0x000000008d000000| Untracked 
| 209|0x000000008d100000, 0x000000008d100000, 0x000000008d200000|  0%| F|  |TAMS 0x000000008d100000, 0x000000008d100000| Untracked 
| 210|0x000000008d200000, 0x000000008d200000, 0x000000008d300000|  0%| F|  |TAMS 0x000000008d200000, 0x000000008d200000| Untracked 
| 211|0x000000008d300000, 0x000000008d300000, 0x000000008d400000|  0%| F|  |TAMS 0x000000008d300000, 0x000000008d300000| Untracked 
| 212|0x000000008d400000, 0x000000008d400000, 0x000000008d500000|  0%| F|  |TAMS 0x000000008d400000, 0x000000008d400000| Untracked 
| 213|0x000000008d500000, 0x000000008d500000, 0x000000008d600000|  0%| F|  |TAMS 0x000000008d500000, 0x000000008d500000| Untracked 
| 214|0x000000008d600000, 0x000000008d600000, 0x000000008d700000|  0%| F|  |TAMS 0x000000008d600000, 0x000000008d600000| Untracked 
| 215|0x000000008d700000, 0x000000008d700000, 0x000000008d800000|  0%| F|  |TAMS 0x000000008d700000, 0x000000008d700000| Untracked 
| 216|0x000000008d800000, 0x000000008d800000, 0x000000008d900000|  0%| F|  |TAMS 0x000000008d800000, 0x000000008d800000| Untracked 
| 217|0x000000008d900000, 0x000000008d900000, 0x000000008da00000|  0%| F|  |TAMS 0x000000008d900000, 0x000000008d900000| Untracked 
| 218|0x000000008da00000, 0x000000008da00000, 0x000000008db00000|  0%| F|  |TAMS 0x000000008da00000, 0x000000008da00000| Untracked 
| 219|0x000000008db00000, 0x000000008db00000, 0x000000008dc00000|  0%| F|  |TAMS 0x000000008db00000, 0x000000008db00000| Untracked 
| 220|0x000000008dc00000, 0x000000008dc00000, 0x000000008dd00000|  0%| F|  |TAMS 0x000000008dc00000, 0x000000008dc00000| Untracked 
| 221|0x000000008dd00000, 0x000000008dd00000, 0x000000008de00000|  0%| F|  |TAMS 0x000000008dd00000, 0x000000008dd00000| Untracked 
| 222|0x000000008de00000, 0x000000008de00000, 0x000000008df00000|  0%| F|  |TAMS 0x000000008de00000, 0x000000008de00000| Untracked 
| 223|0x000000008df00000, 0x000000008df00000, 0x000000008e000000|  0%| F|  |TAMS 0x000000008df00000, 0x000000008df00000| Untracked 
| 224|0x000000008e000000, 0x000000008e000000, 0x000000008e100000|  0%| F|  |TAMS 0x000000008e000000, 0x000000008e000000| Untracked 
| 225|0x000000008e100000, 0x000000008e100000, 0x000000008e200000|  0%| F|  |TAMS 0x000000008e100000, 0x000000008e100000| Untracked 
| 226|0x000000008e200000, 0x000000008e200000, 0x000000008e300000|  0%| F|  |TAMS 0x000000008e200000, 0x000000008e200000| Untracked 
| 227|0x000000008e300000, 0x000000008e300000, 0x000000008e400000|  0%| F|  |TAMS 0x000000008e300000, 0x000000008e300000| Untracked 
| 228|0x000000008e400000, 0x000000008e400000, 0x000000008e500000|  0%| F|  |TAMS 0x000000008e400000, 0x000000008e400000| Untracked 
| 229|0x000000008e500000, 0x000000008e500000, 0x000000008e600000|  0%| F|  |TAMS 0x000000008e500000, 0x000000008e500000| Untracked 
| 230|0x000000008e600000, 0x000000008e600000, 0x000000008e700000|  0%| F|  |TAMS 0x000000008e600000, 0x000000008e600000| Untracked 
| 231|0x000000008e700000, 0x000000008e700000, 0x000000008e800000|  0%| F|  |TAMS 0x000000008e700000, 0x000000008e700000| Untracked 
| 232|0x000000008e800000, 0x000000008e800000, 0x000000008e900000|  0%| F|  |TAMS 0x000000008e800000, 0x000000008e800000| Untracked 
| 233|0x000000008e900000, 0x000000008e900000, 0x000000008ea00000|  0%| F|  |TAMS 0x000000008e900000, 0x000000008e900000| Untracked 
| 234|0x000000008ea00000, 0x000000008ea00000, 0x000000008eb00000|  0%| F|  |TAMS 0x000000008ea00000, 0x000000008ea00000| Untracked 
| 235|0x000000008eb00000, 0x000000008eb00000, 0x000000008ec00000|  0%| F|  |TAMS 0x000000008eb00000, 0x000000008eb00000| Untracked 
| 236|0x000000008ec00000, 0x000000008ec00000, 0x000000008ed00000|  0%| F|  |TAMS 0x000000008ec00000, 0x000000008ec00000| Untracked 
| 237|0x000000008ed00000, 0x000000008ed00000, 0x000000008ee00000|  0%| F|  |TAMS 0x000000008ed00000, 0x000000008ed00000| Untracked 
| 238|0x000000008ee00000, 0x000000008ee3f5e0, 0x000000008ef00000| 24%| S|CS|TAMS 0x000000008ee00000, 0x000000008ee00000| Complete 
| 239|0x000000008ef00000, 0x000000008f000000, 0x000000008f000000|100%| S|CS|TAMS 0x000000008ef00000, 0x000000008ef00000| Complete 
| 240|0x000000008f000000, 0x000000008f000000, 0x000000008f100000|  0%| F|  |TAMS 0x000000008f000000, 0x000000008f000000| Untracked 
| 241|0x000000008f100000, 0x000000008f1307f8, 0x000000008f200000| 18%| E|  |TAMS 0x000000008f100000, 0x000000008f100000| Complete 
| 271|0x0000000090f00000, 0x0000000091000000, 0x0000000091000000|100%| E|CS|TAMS 0x0000000090f00000, 0x0000000090f00000| Complete 
|2045|0x00000000ffd00000, 0x00000000ffe00000, 0x00000000ffe00000|100%| O|  |TAMS 0x00000000ffe00000, 0x00000000ffd00000| Untracked 
|2046|0x00000000ffe00000, 0x00000000fff00000, 0x00000000fff00000|100%| O|  |TAMS 0x00000000fff00000, 0x00000000ffe00000| Untracked 
|2047|0x00000000fff00000, 0x0000000100000000, 0x0000000100000000|100%| O|  |TAMS 0x0000000100000000, 0x00000000fff00000| Untracked 

Card table byte_map: [0x0000017327260000,0x0000017327660000] _byte_map_base: 0x0000017326e60000

Marking Bits (Prev, Next): (CMBitMap*) 0x000001730f8be5a0, (CMBitMap*) 0x000001730f8be560
 Prev Bits: [0x0000017329a60000, 0x000001732ba60000)
 Next Bits: [0x0000017327a60000, 0x0000017329a60000)

Polling page: 0x000001730ded0000

Metaspace:

Usage:
  Non-class:    107.34 MB used.
      Class:     16.09 MB used.
       Both:    123.43 MB used.

Virtual space:
  Non-class space:      128.00 MB reserved,     107.69 MB ( 84%) committed,  2 nodes.
      Class space:        1.00 GB reserved,      16.44 MB (  2%) committed,  1 nodes.
             Both:        1.12 GB reserved,     124.12 MB ( 11%) committed. 

Chunk freelists:
   Non-Class:  3.62 MB
       Class:  15.59 MB
        Both:  19.22 MB

MaxMetaspaceSize: unlimited
CompressedClassSpaceSize: 1.00 GB
Initial GC threshold: 21.00 MB
Current GC threshold: 206.06 MB
CDS: on
MetaspaceReclaimPolicy: balanced
 - commit_granule_bytes: 65536.
 - commit_granule_words: 8192.
 - virtual_space_node_default_size: 8388608.
 - enlarge_chunks_in_place: 1.
 - new_chunks_are_fully_committed: 0.
 - uncommit_free_chunks: 1.
 - use_allocation_guard: 0.
 - handle_deallocations: 1.


Internal statistics:

num_allocs_failed_limit: 12.
num_arena_births: 880.
num_arena_deaths: 0.
num_vsnodes_births: 3.
num_vsnodes_deaths: 0.
num_space_committed: 1984.
num_space_uncommitted: 0.
num_chunks_returned_to_freelist: 12.
num_chunks_taken_from_freelist: 5261.
num_chunk_merges: 12.
num_chunk_splits: 4055.
num_chunks_enlarged: 3275.
num_inconsistent_stats: 0.

CodeHeap 'non-profiled nmethods': size=120000Kb used=6419Kb max_used=6419Kb free=113580Kb
 bounds [0x000001731eca0000, 0x000001731f2f0000, 0x00000173261d0000]
CodeHeap 'profiled nmethods': size=120000Kb used=22904Kb max_used=22904Kb free=97095Kb
 bounds [0x00000173171d0000, 0x0000017318830000, 0x000001731e700000]
CodeHeap 'non-nmethods': size=5760Kb used=1874Kb max_used=1945Kb free=3886Kb
 bounds [0x000001731e700000, 0x000001731e970000, 0x000001731eca0000]
 total_blobs=12268 nmethods=11283 adapters=895
 compilation: enabled
              stopped_count=0, restarted_count=0
 full_count=0

Compilation events (20 events):
Event: 18.643 Thread 0x000001732e72ec00 nmethod 12862 0x00000173187fb090 code [0x00000173187fb340, 0x00000173187fc038]
Event: 18.643 Thread 0x000001732e72ec00 12864       2       org.jetbrains.kotlin.descriptors.impl.DeclarationDescriptorImpl::toString (5 bytes)
Event: 18.643 Thread 0x000001732e72ec00 nmethod 12864 0x00000173187fc510 code [0x00000173187fc6a0, 0x00000173187fc7c8]
Event: 18.643 Thread 0x000001732e72ec00 12865   !   2       org.jetbrains.kotlin.descriptors.impl.DeclarationDescriptorImpl::toString (117 bytes)
Event: 18.644 Thread 0x000001732e72ec00 nmethod 12865 0x00000173187fc890 code [0x00000173187fcb60, 0x00000173187fd198]
Event: 18.644 Thread 0x000001732e72ec00 12867       2       org.jetbrains.kotlin.metadata.ProtoBuf$Package::getDefaultInstanceForType (5 bytes)
Event: 18.644 Thread 0x000001732e72ec00 nmethod 12867 0x00000173187fd790 code [0x00000173187fd920, 0x00000173187fda38]
Event: 18.644 Thread 0x000001732e72ec00 12868       2       org.jetbrains.kotlin.metadata.ProtoBuf$Package::getDefaultInstanceForType (4 bytes)
Event: 18.644 Thread 0x000001732e72ec00 nmethod 12868 0x00000173187fdb10 code [0x00000173187fdca0, 0x00000173187fddb8]
Event: 18.644 Thread 0x000001732e72ec00 12866       1       org.jetbrains.kotlin.metadata.ProtoBuf$Effect$EffectType::getNumber (5 bytes)
Event: 18.644 Thread 0x000001732e72ec00 nmethod 12866 0x000001731f2e0090 code [0x000001731f2e0220, 0x000001731f2e02f8]
Event: 18.645 Thread 0x000001732e72ec00 12869       1       org.jetbrains.kotlin.load.java.lazy.descriptors.JvmPackageScope::access$getC$p (5 bytes)
Event: 18.645 Thread 0x000001732e72ec00 nmethod 12869 0x000001731f2e0390 code [0x000001731f2e0520, 0x000001731f2e05d8]
Event: 18.645 Thread 0x000001732e72ec00 12870       1       org.jetbrains.kotlin.resolve.jvm.JvmClassName::toString (5 bytes)
Event: 18.645 Thread 0x000001732e72ec00 nmethod 12870 0x000001731f2e0690 code [0x000001731f2e0820, 0x000001731f2e08f8]
Event: 18.646 Thread 0x000001732e72ec00 12871       2       org.jetbrains.kotlin.load.kotlin.FileBasedKotlinClass::getClassId (14 bytes)
Event: 18.646 Thread 0x000001732e72ec00 nmethod 12871 0x00000173187fde90 code [0x00000173187fe020, 0x00000173187fe168]
Event: 18.646 Thread 0x000001732e72ec00 12872       2       org.jetbrains.kotlin.serialization.deserialization.descriptors.DeserializedMemberScope::<init> (109 bytes)
Event: 18.646 Thread 0x000001732e72ec00 nmethod 12872 0x00000173187fe210 code [0x00000173187fe540, 0x00000173187ff268]
Event: 18.646 Thread 0x000001732e72ec00 12873       2       org.jetbrains.kotlin.serialization.deserialization.descriptors.DeserializedMemberScope::createImplementation (50 bytes)

GC Heap History (20 events):
Event: 16.199 GC heap before
{Heap before GC invocations=30 (full 0):
 garbage-first heap   total 251904K, used 182506K [0x0000000080000000, 0x0000000100000000)
  region size 1024K, 78 young (79872K), 5 survivors (5120K)
 Metaspace       used 99652K, committed 100288K, reserved 1179648K
  class space    used 13275K, committed 13568K, reserved 1048576K
}
Event: 16.202 GC heap after
{Heap after GC invocations=31 (full 0):
 garbage-first heap   total 251904K, used 112272K [0x0000000080000000, 0x0000000100000000)
  region size 1024K, 9 young (9216K), 9 survivors (9216K)
 Metaspace       used 99652K, committed 100288K, reserved 1179648K
  class space    used 13275K, committed 13568K, reserved 1048576K
}
Event: 16.636 GC heap before
{Heap before GC invocations=31 (full 0):
 garbage-first heap   total 251904K, used 191120K [0x0000000080000000, 0x0000000100000000)
  region size 1024K, 83 young (84992K), 9 survivors (9216K)
 Metaspace       used 108916K, committed 109568K, reserved 1179648K
  class space    used 14224K, committed 14528K, reserved 1048576K
}
Event: 16.639 GC heap after
{Heap after GC invocations=32 (full 0):
 garbage-first heap   total 251904K, used 121352K [0x0000000080000000, 0x0000000100000000)
  region size 1024K, 11 young (11264K), 11 survivors (11264K)
 Metaspace       used 108916K, committed 109568K, reserved 1179648K
  class space    used 14224K, committed 14528K, reserved 1048576K
}
Event: 17.071 GC heap before
{Heap before GC invocations=32 (full 0):
 garbage-first heap   total 251904K, used 194056K [0x0000000080000000, 0x0000000100000000)
  region size 1024K, 82 young (83968K), 11 survivors (11264K)
 Metaspace       used 114716K, committed 115392K, reserved 1179648K
  class space    used 14976K, committed 15296K, reserved 1048576K
}
Event: 17.074 GC heap after
{Heap after GC invocations=33 (full 0):
 garbage-first heap   total 251904K, used 125564K [0x0000000080000000, 0x0000000100000000)
  region size 1024K, 4 young (4096K), 4 survivors (4096K)
 Metaspace       used 114716K, committed 115392K, reserved 1179648K
  class space    used 14976K, committed 15296K, reserved 1048576K
}
Event: 17.164 GC heap before
{Heap before GC invocations=33 (full 0):
 garbage-first heap   total 251904K, used 138876K [0x0000000080000000, 0x0000000100000000)
  region size 1024K, 18 young (18432K), 4 survivors (4096K)
 Metaspace       used 115721K, committed 116416K, reserved 1179648K
  class space    used 15117K, committed 15488K, reserved 1048576K
}
Event: 17.165 GC heap after
{Heap after GC invocations=34 (full 0):
 garbage-first heap   total 251904K, used 126127K [0x0000000080000000, 0x0000000100000000)
  region size 1024K, 5 young (5120K), 5 survivors (5120K)
 Metaspace       used 115721K, committed 116416K, reserved 1179648K
  class space    used 15117K, committed 15488K, reserved 1048576K
}
Event: 17.511 GC heap before
{Heap before GC invocations=35 (full 0):
 garbage-first heap   total 251904K, used 207023K [0x0000000080000000, 0x0000000100000000)
  region size 1024K, 78 young (79872K), 5 survivors (5120K)
 Metaspace       used 119553K, committed 120256K, reserved 1179648K
  class space    used 15656K, committed 16000K, reserved 1048576K
}
Event: 17.513 GC heap after
{Heap after GC invocations=36 (full 0):
 garbage-first heap   total 251904K, used 131236K [0x0000000080000000, 0x0000000100000000)
  region size 1024K, 10 young (10240K), 10 survivors (10240K)
 Metaspace       used 119553K, committed 120256K, reserved 1179648K
  class space    used 15656K, committed 16000K, reserved 1048576K
}
Event: 17.526 GC heap before
{Heap before GC invocations=36 (full 0):
 garbage-first heap   total 251904K, used 133284K [0x0000000080000000, 0x0000000100000000)
  region size 1024K, 12 young (12288K), 10 survivors (10240K)
 Metaspace       used 119733K, committed 120512K, reserved 1179648K
  class space    used 15685K, committed 16064K, reserved 1048576K
}
Event: 17.528 GC heap after
{Heap after GC invocations=37 (full 0):
 garbage-first heap   total 251904K, used 128203K [0x0000000080000000, 0x0000000100000000)
  region size 1024K, 1 young (1024K), 1 survivors (1024K)
 Metaspace       used 119733K, committed 120512K, reserved 1179648K
  class space    used 15685K, committed 16064K, reserved 1048576K
}
Event: 17.620 GC heap before
{Heap before GC invocations=37 (full 0):
 garbage-first heap   total 251904K, used 138443K [0x0000000080000000, 0x0000000100000000)
  region size 1024K, 12 young (12288K), 1 survivors (1024K)
 Metaspace       used 121370K, committed 122112K, reserved 1179648K
  class space    used 15924K, committed 16256K, reserved 1048576K
}
Event: 17.622 GC heap after
{Heap after GC invocations=38 (full 0):
 garbage-first heap   total 251904K, used 127969K [0x0000000080000000, 0x0000000100000000)
  region size 1024K, 1 young (1024K), 1 survivors (1024K)
 Metaspace       used 121370K, committed 122112K, reserved 1179648K
  class space    used 15924K, committed 16256K, reserved 1048576K
}
Event: 18.065 GC heap before
{Heap before GC invocations=39 (full 0):
 garbage-first heap   total 251904K, used 209889K [0x0000000080000000, 0x0000000100000000)
  region size 1024K, 76 young (77824K), 1 survivors (1024K)
 Metaspace       used 125282K, committed 125952K, reserved 1179648K
  class space    used 16435K, committed 16768K, reserved 1048576K
}
Event: 18.068 GC heap after
{Heap after GC invocations=40 (full 0):
 garbage-first heap   total 251904K, used 136938K [0x0000000080000000, 0x0000000100000000)
  region size 1024K, 6 young (6144K), 6 survivors (6144K)
 Metaspace       used 125282K, committed 125952K, reserved 1179648K
  class space    used 16435K, committed 16768K, reserved 1048576K
}
Event: 18.094 GC heap before
{Heap before GC invocations=40 (full 0):
 garbage-first heap   total 251904K, used 143082K [0x0000000080000000, 0x0000000100000000)
  region size 1024K, 12 young (12288K), 6 survivors (6144K)
 Metaspace       used 125409K, committed 126080K, reserved 1179648K
  class space    used 16437K, committed 16768K, reserved 1048576K
}
Event: 18.096 GC heap after
{Heap after GC invocations=41 (full 0):
 garbage-first heap   total 251904K, used 135222K [0x0000000080000000, 0x0000000100000000)
  region size 1024K, 1 young (1024K), 1 survivors (1024K)
 Metaspace       used 125409K, committed 126080K, reserved 1179648K
  class space    used 16437K, committed 16768K, reserved 1048576K
}
Event: 18.217 GC heap before
{Heap before GC invocations=41 (full 0):
 garbage-first heap   total 251904K, used 206902K [0x0000000080000000, 0x0000000100000000)
  region size 1024K, 72 young (73728K), 1 survivors (1024K)
 Metaspace       used 125902K, committed 126592K, reserved 1179648K
  class space    used 16468K, committed 16832K, reserved 1048576K
}
Event: 18.218 GC heap after
{Heap after GC invocations=42 (full 0):
 garbage-first heap   total 251904K, used 136070K [0x0000000080000000, 0x0000000100000000)
  region size 1024K, 2 young (2048K), 2 survivors (2048K)
 Metaspace       used 125902K, committed 126592K, reserved 1179648K
  class space    used 16468K, committed 16832K, reserved 1048576K
}

Deoptimization events (20 events):
Event: 18.618 Thread 0x0000017375564e60 Uncommon trap: trap_request=0xffffffc6 fr.pc=0x000001731f17da44 relative=0x0000000000000124
Event: 18.618 Thread 0x0000017375564e60 Uncommon trap: reason=bimorphic_or_optimized_type_check action=maybe_recompile pc=0x000001731f17da44 method=org.jetbrains.kotlin.incremental.UtilsKt.record(Lorg/jetbrains/kotlin/incremental/components/LookupTracker;Lorg/jetbrains/kotlin/incremental/compon
Event: 18.618 Thread 0x0000017375564e60 DEOPT PACKING pc=0x000001731f17da44 sp=0x0000005f775f2cc0
Event: 18.618 Thread 0x0000017375564e60 DEOPT UNPACKING pc=0x000001731e755ba3 sp=0x0000005f775f2c60 mode 2
Event: 18.628 Thread 0x0000017375564e60 DEOPT PACKING pc=0x0000017317ec992d sp=0x0000005f775f3c10
Event: 18.628 Thread 0x0000017375564e60 DEOPT UNPACKING pc=0x000001731e7566e3 sp=0x0000005f775f30a0 mode 0
Event: 18.633 Thread 0x0000017375564e60 DEOPT PACKING pc=0x0000017317ec992d sp=0x0000005f775f3950
Event: 18.633 Thread 0x0000017375564e60 DEOPT UNPACKING pc=0x000001731e7566e3 sp=0x0000005f775f2de0 mode 0
Event: 18.636 Thread 0x0000017375564e60 DEOPT PACKING pc=0x00000173181d5c13 sp=0x0000005f775f4140
Event: 18.636 Thread 0x0000017375564e60 DEOPT UNPACKING pc=0x000001731e7566e3 sp=0x0000005f775f3648 mode 0
Event: 18.636 Thread 0x0000017375564e60 DEOPT PACKING pc=0x00000173181d5c13 sp=0x0000005f775f4140
Event: 18.636 Thread 0x0000017375564e60 DEOPT UNPACKING pc=0x000001731e7566e3 sp=0x0000005f775f3648 mode 0
Event: 18.644 Thread 0x0000017375564e60 DEOPT PACKING pc=0x00000173181d5c13 sp=0x0000005f775f4140
Event: 18.644 Thread 0x0000017375564e60 DEOPT UNPACKING pc=0x000001731e7566e3 sp=0x0000005f775f3648 mode 0
Event: 18.645 Thread 0x0000017375564e60 DEOPT PACKING pc=0x00000173181d5c13 sp=0x0000005f775f4140
Event: 18.645 Thread 0x0000017375564e60 DEOPT UNPACKING pc=0x000001731e7566e3 sp=0x0000005f775f3648 mode 0
Event: 18.646 Thread 0x0000017375564e60 DEOPT PACKING pc=0x00000173181d5c13 sp=0x0000005f775f4140
Event: 18.646 Thread 0x0000017375564e60 DEOPT UNPACKING pc=0x000001731e7566e3 sp=0x0000005f775f3648 mode 0
Event: 18.646 Thread 0x0000017375564e60 DEOPT PACKING pc=0x00000173181d5c13 sp=0x0000005f775f4140
Event: 18.646 Thread 0x0000017375564e60 DEOPT UNPACKING pc=0x000001731e7566e3 sp=0x0000005f775f3648 mode 0

Classes unloaded (0 events):
No events

Classes redefined (0 events):
No events

Internal exceptions (20 events):
Event: 17.909 Thread 0x0000017375564e60 Exception <a 'java/lang/ClassNotFoundException'{0x000000008c2e57c8}: org/jetbrains/kotlin/gradle/targets/js/npm/DefaultPeerNpmDependencyExtensionCustomizer> (0x000000008c2e57c8) 
thrown [s\open\src\hotspot\share\classfile\systemDictionary.cpp, line 256]
Event: 17.910 Thread 0x0000017375564e60 Exception <a 'java/lang/ClassNotFoundException'{0x000000008c147bc0}: org/jetbrains/kotlin/gradle/targets/js/npm/DefaultPeerNpmDependencyExtension$delegate$1BeanInfo> (0x000000008c147bc0) 
thrown [s\open\src\hotspot\share\classfile\systemDictionary.cpp, line 256]
Event: 17.910 Thread 0x0000017375564e60 Exception <a 'java/lang/ClassNotFoundException'{0x000000008c15a510}: org/jetbrains/kotlin/gradle/targets/js/npm/DefaultPeerNpmDependencyExtension$delegate$1Customizer> (0x000000008c15a510) 
thrown [s\open\src\hotspot\share\classfile\systemDictionary.cpp, line 256]
Event: 17.915 Thread 0x0000017375564e60 Exception <a 'java/lang/NoSuchMethodError'{0x000000008c01a240}: static Lorg/jetbrains/kotlin/gradle/plugin/internal/DefaultIdeaSyncDetector$createIdeaPropertiesEvaluator$1;.<clinit>()V> (0x000000008c01a240) 
thrown [s\open\src\hotspot\share\prims\jni.cpp, line 1112]
Event: 17.949 Thread 0x0000017375564e60 Exception <a 'java/lang/ClassNotFoundException'{0x000000008baecf80}: org/gradle/api/internal/project/DefaultProject_DecoratedBeanInfo> (0x000000008baecf80) 
thrown [s\open\src\hotspot\share\classfile\systemDictionary.cpp, line 256]
Event: 17.950 Thread 0x0000017375564e60 Exception <a 'java/lang/ClassNotFoundException'{0x000000008b904de0}: org/gradle/api/internal/project/DefaultProjectBeanInfo> (0x000000008b904de0) 
thrown [s\open\src\hotspot\share\classfile\systemDictionary.cpp, line 256]
Event: 17.950 Thread 0x0000017375564e60 Exception <a 'java/lang/ClassNotFoundException'{0x000000008b91c8a8}: org/gradle/api/internal/project/AbstractPluginAwareBeanInfo> (0x000000008b91c8a8) 
thrown [s\open\src\hotspot\share\classfile\systemDictionary.cpp, line 256]
Event: 17.950 Thread 0x0000017375564e60 Exception <a 'java/lang/ClassNotFoundException'{0x000000008b934348}: org/gradle/api/internal/project/AbstractPluginAwareCustomizer> (0x000000008b934348) 
thrown [s\open\src\hotspot\share\classfile\systemDictionary.cpp, line 256]
Event: 17.951 Thread 0x0000017375564e60 Exception <a 'java/lang/ClassNotFoundException'{0x000000008b9518f8}: org/gradle/api/internal/project/DefaultProjectCustomizer> (0x000000008b9518f8) 
thrown [s\open\src\hotspot\share\classfile\systemDictionary.cpp, line 256]
Event: 17.953 Thread 0x0000017375564e60 Exception <a 'java/lang/ClassNotFoundException'{0x000000008b806720}: org/gradle/api/internal/project/DefaultProject_DecoratedCustomizer> (0x000000008b806720) 
thrown [s\open\src\hotspot\share\classfile\systemDictionary.cpp, line 256]
Event: 17.957 Thread 0x0000017375564e60 Exception <a 'java/lang/ClassNotFoundException'{0x000000008b8ba5f0}: org/gradle/api/internal/plugins/NaggingBasePluginConventionBeanInfo> (0x000000008b8ba5f0) 
thrown [s\open\src\hotspot\share\classfile\systemDictionary.cpp, line 256]
Event: 17.958 Thread 0x0000017375564e60 Exception <a 'java/lang/ClassNotFoundException'{0x000000008b8d41c8}: org/gradle/api/plugins/BasePluginConventionBeanInfo> (0x000000008b8d41c8) 
thrown [s\open\src\hotspot\share\classfile\systemDictionary.cpp, line 256]
Event: 17.958 Thread 0x0000017375564e60 Exception <a 'java/lang/ClassNotFoundException'{0x000000008b8edd68}: org/gradle/api/plugins/BasePluginConventionCustomizer> (0x000000008b8edd68) 
thrown [s\open\src\hotspot\share\classfile\systemDictionary.cpp, line 256]
Event: 17.959 Thread 0x0000017375564e60 Exception <a 'java/lang/ClassNotFoundException'{0x000000008b712740}: org/gradle/api/internal/plugins/NaggingBasePluginConventionCustomizer> (0x000000008b712740) 
thrown [s\open\src\hotspot\share\classfile\systemDictionary.cpp, line 256]
Event: 17.960 Thread 0x0000017375564e60 Exception <a 'java/lang/ClassNotFoundException'{0x000000008b763878}: org/gradle/api/plugins/internal/NaggingJavaPluginConventionBeanInfo> (0x000000008b763878) 
thrown [s\open\src\hotspot\share\classfile\systemDictionary.cpp, line 256]
Event: 17.960 Thread 0x0000017375564e60 Exception <a 'java/lang/ClassNotFoundException'{0x000000008b77d458}: org/gradle/api/plugins/JavaPluginConventionBeanInfo> (0x000000008b77d458) 
thrown [s\open\src\hotspot\share\classfile\systemDictionary.cpp, line 256]
Event: 17.960 Thread 0x0000017375564e60 Exception <a 'java/lang/ClassNotFoundException'{0x000000008b7972a8}: org/gradle/api/plugins/JavaPluginConventionCustomizer> (0x000000008b7972a8) 
thrown [s\open\src\hotspot\share\classfile\systemDictionary.cpp, line 256]
Event: 17.961 Thread 0x0000017375564e60 Exception <a 'java/lang/ClassNotFoundException'{0x000000008b7c5410}: org/gradle/api/plugins/internal/NaggingJavaPluginConventionCustomizer> (0x000000008b7c5410) 
thrown [s\open\src\hotspot\share\classfile\systemDictionary.cpp, line 256]
Event: 18.544 Thread 0x0000017375564e60 Exception <a 'sun/nio/fs/WindowsException'{0x000000008dd47288}> (0x000000008dd47288) 
thrown [s\open\src\hotspot\share\prims\jni.cpp, line 516]
Event: 18.545 Thread 0x0000017375564e60 Exception <a 'sun/nio/fs/WindowsException'{0x000000008dd48fe8}> (0x000000008dd48fe8) 
thrown [s\open\src\hotspot\share\prims\jni.cpp, line 516]

VM Operations (20 events):
Event: 17.707 Executing VM operation: HandshakeAllThreads done
Event: 17.953 Executing VM operation: ICBufferFull
Event: 17.954 Executing VM operation: ICBufferFull done
Event: 18.065 Executing VM operation: G1CollectForAllocation
Event: 18.068 Executing VM operation: G1CollectForAllocation done
Event: 18.094 Executing VM operation: G1CollectForAllocation
Event: 18.096 Executing VM operation: G1CollectForAllocation done
Event: 18.154 Executing VM operation: HandshakeAllThreads
Event: 18.154 Executing VM operation: HandshakeAllThreads done
Event: 18.191 Executing VM operation: ICBufferFull
Event: 18.191 Executing VM operation: ICBufferFull done
Event: 18.217 Executing VM operation: G1CollectForAllocation
Event: 18.218 Executing VM operation: G1CollectForAllocation done
Event: 18.252 Executing VM operation: G1Concurrent
Event: 18.255 Executing VM operation: G1Concurrent done
Event: 18.268 Executing VM operation: G1Concurrent
Event: 18.268 Executing VM operation: G1Concurrent done
Event: 18.564 Executing VM operation: ICBufferFull
Event: 18.564 Executing VM operation: ICBufferFull done
Event: 19.228 Executing VM operation: G1CollectForAllocation

Events (20 events):
Event: 17.898 loading class com/sun/beans/finder/AbstractFinder
Event: 17.898 loading class com/sun/beans/finder/AbstractFinder done
Event: 17.898 loading class com/sun/beans/finder/MethodFinder done
Event: 17.898 loading class com/sun/beans/finder/MethodFinder$1
Event: 17.898 loading class com/sun/beans/finder/MethodFinder$1 done
Event: 17.898 loading class com/sun/beans/finder/FinderUtils
Event: 17.898 loading class com/sun/beans/finder/FinderUtils done
Event: 17.940 loading class java/util/regex/Pattern$Pos
Event: 17.940 loading class java/util/regex/Pattern$Pos done
Event: 17.951 loading class sun/reflect/generics/tree/BooleanSignature
Event: 17.951 loading class sun/reflect/generics/tree/BooleanSignature done
Event: 17.955 loading class org/xml/sax/Locator
Event: 17.955 loading class org/xml/sax/Locator done
Event: 17.956 loading class org/xml/sax/Attributes
Event: 17.956 loading class org/xml/sax/Attributes done
Event: 18.155 Thread 0x000001732e73f740 flushing nmethod 0x000001731ee8f590
Event: 18.156 Thread 0x000001732e73f740 flushing nmethod 0x000001731efc4f90
Event: 18.156 Thread 0x000001732e73f740 flushing nmethod 0x000001731eff9510
Event: 18.156 Thread 0x000001732e73f740 flushing nmethod 0x000001731effca10
Event: 18.156 Thread 0x000001732e73f740 flushing nmethod 0x000001731efff190


Dynamic libraries:
0x00007ff764b40000 - 0x00007ff764b50000 	C:\Program Files\Java\jdk-17\bin\java.exe
0x00007fff883e0000 - 0x00007fff88646000 	C:\Windows\SYSTEM32\ntdll.dll
0x00007fff87d30000 - 0x00007fff87df9000 	C:\Windows\System32\KERNEL32.DLL
0x00007fff85740000 - 0x00007fff85b3f000 	C:\Windows\System32\KERNELBASE.dll
0x00007fff85d10000 - 0x00007fff85e5c000 	C:\Windows\System32\ucrtbase.dll
0x00007fff56220000 - 0x00007fff56239000 	C:\Program Files\Java\jdk-17\bin\jli.dll
0x00007fff61cf0000 - 0x00007fff61d0b000 	C:\Program Files\Java\jdk-17\bin\VCRUNTIME140.dll
0x00007fff87ee0000 - 0x00007fff87f9c000 	C:\Windows\System32\ADVAPI32.dll
0x00007fff861f0000 - 0x00007fff86299000 	C:\Windows\System32\msvcrt.dll
0x00007fff87c80000 - 0x00007fff87d2a000 	C:\Windows\System32\sechost.dll
0x00007fff87680000 - 0x00007fff87798000 	C:\Windows\System32\RPCRT4.dll
0x00007fff88110000 - 0x00007fff882d6000 	C:\Windows\System32\USER32.dll
0x00007fff79770000 - 0x00007fff79a01000 	C:\Windows\WinSxS\amd64_microsoft.windows.common-controls_6595b64144ccf1df_6.0.26100.8972_none_3e0da176e32f9d4b\COMCTL32.dll
0x00007fff85ce0000 - 0x00007fff85d07000 	C:\Windows\System32\win32u.dll
0x00007fff87650000 - 0x00007fff8767b000 	C:\Windows\System32\GDI32.dll
0x00007fff85fe0000 - 0x00007fff86109000 	C:\Windows\System32\gdi32full.dll
0x00007fff85f30000 - 0x00007fff85fd3000 	C:\Windows\System32\msvcp_win.dll
0x00007fff7c6f0000 - 0x00007fff7c6fb000 	C:\Windows\SYSTEM32\VERSION.dll
0x00007fff87e00000 - 0x00007fff87e32000 	C:\Windows\System32\IMM32.DLL
0x00007fff70b50000 - 0x00007fff70c42000 	C:\Program Files\Windhawk\Engine\1.7.3\64\windhawk.dll
0x00007fff70ae0000 - 0x00007fff70afa000 	C:\ProgramData\Windhawk\Engine\Mods\64\win11-accent-border_1.0.4_533266.dll
0x00007fff82b20000 - 0x00007fff82b4f000 	C:\Windows\SYSTEM32\dwmapi.dll
0x00007fff868c0000 - 0x00007fff86c45000 	C:\Windows\System32\combase.dll
0x00007fff7ed80000 - 0x00007fff7ed8c000 	C:\Program Files\Java\jdk-17\bin\vcruntime140_1.dll
0x00007fff21f30000 - 0x00007fff21fbe000 	C:\Program Files\Java\jdk-17\bin\msvcp140.dll
0x00007ffed81c0000 - 0x00007ffed8da0000 	C:\Program Files\Java\jdk-17\bin\server\jvm.dll
0x00007fff87eb0000 - 0x00007fff87eb8000 	C:\Windows\System32\PSAPI.DLL
0x00007fff79730000 - 0x00007fff79766000 	C:\Windows\SYSTEM32\WINMM.dll
0x00007fff77240000 - 0x00007fff7724a000 	C:\Windows\SYSTEM32\WSOCK32.dll
0x00007fff86c50000 - 0x00007fff86cd2000 	C:\Windows\System32\WS2_32.dll
0x00007fff84210000 - 0x00007fff8422b000 	C:\Windows\SYSTEM32\kernel.appcore.dll
0x00007fff7ed40000 - 0x00007fff7ed4a000 	C:\Program Files\Java\jdk-17\bin\jimage.dll
0x00007fff7e140000 - 0x00007fff7e382000 	C:\Windows\SYSTEM32\DBGHELP.DLL
0x00007fff86ce0000 - 0x00007fff86db9000 	C:\Windows\System32\OLEAUT32.dll
0x00007fff79ff0000 - 0x00007fff7a02b000 	C:\Windows\SYSTEM32\dbgcore.DLL
0x00007fff85e70000 - 0x00007fff85f1c000 	C:\Windows\System32\bcryptPrimitives.dll
0x00007fff61ce0000 - 0x00007fff61cee000 	C:\Program Files\Java\jdk-17\bin\instrument.dll
0x00007fff31c00000 - 0x00007fff31c25000 	C:\Program Files\Java\jdk-17\bin\java.dll
0x00007fff00fc0000 - 0x00007fff01097000 	C:\Program Files\Java\jdk-17\bin\jsvml.dll
0x00007fff86dc0000 - 0x00007fff87548000 	C:\Windows\System32\SHELL32.dll
0x00007fff82ff0000 - 0x00007fff8388b000 	C:\Windows\SYSTEM32\windows.storage.dll
0x00007fff87550000 - 0x00007fff87649000 	C:\Windows\System32\SHCORE.dll
0x00007fff87e40000 - 0x00007fff87ea6000 	C:\Windows\System32\shlwapi.dll
0x00007fff85510000 - 0x00007fff85539000 	C:\Windows\SYSTEM32\profapi.dll
0x00007fff30520000 - 0x00007fff30538000 	C:\Program Files\Java\jdk-17\bin\zip.dll
0x00007fff56200000 - 0x00007fff56219000 	C:\Program Files\Java\jdk-17\bin\net.dll
0x00007fff80940000 - 0x00007fff80a68000 	C:\Windows\SYSTEM32\WINHTTP.dll
0x00007fff847a0000 - 0x00007fff8480c000 	C:\Windows\system32\mswsock.dll
0x00007fff30560000 - 0x00007fff30576000 	C:\Program Files\Java\jdk-17\bin\nio.dll
0x00007fff7ed10000 - 0x00007fff7ed20000 	C:\Program Files\Java\jdk-17\bin\verify.dll
0x00007fff7ed50000 - 0x00007fff7ed77000 	C:\Users\Drews\.gradle\native\c067742578af261105cb4f569cf0c3c89f3d7b1fecec35dd04571415982c5e48\windows-amd64\native-platform.dll
0x00007ffefc290000 - 0x00007ffefc3d4000 	C:\Users\Drews\.gradle\native\38dada09dfb8b06ba9b0570ebf7e218e3eb74d4ef43ca46872605cf95ebc2f47\windows-amd64\native-platform-file-events.dll
0x00007fff7ecc0000 - 0x00007fff7ecca000 	C:\Program Files\Java\jdk-17\bin\management.dll
0x00007fff7e390000 - 0x00007fff7e39b000 	C:\Program Files\Java\jdk-17\bin\management_ext.dll
0x00007fff84bc0000 - 0x00007fff84bdb000 	C:\Windows\SYSTEM32\CRYPTSP.dll
0x00007fff84170000 - 0x00007fff841a9000 	C:\Windows\system32\rsaenh.dll
0x00007fff84850000 - 0x00007fff84882000 	C:\Windows\SYSTEM32\USERENV.dll
0x00007fff854e0000 - 0x00007fff8550a000 	C:\Windows\SYSTEM32\bcrypt.dll
0x00007fff84a00000 - 0x00007fff84a0c000 	C:\Windows\SYSTEM32\CRYPTBASE.dll
0x00007fff83bc0000 - 0x00007fff83bf3000 	C:\Windows\SYSTEM32\IPHLPAPI.DLL
0x00007fff88040000 - 0x00007fff8804a000 	C:\Windows\System32\NSI.dll
0x00007fff808d0000 - 0x00007fff808ed000 	C:\Windows\SYSTEM32\dhcpcsvc6.DLL
0x00007fff808a0000 - 0x00007fff808c5000 	C:\Windows\SYSTEM32\dhcpcsvc.DLL
0x00007fff83cb0000 - 0x00007fff83e08000 	C:\Windows\SYSTEM32\DNSAPI.dll
0x00007fff845a0000 - 0x00007fff845ad000 	C:\Windows\SYSTEM32\DSPARSE.dll
0x00007fff31bf0000 - 0x00007fff31bfe000 	C:\Program Files\Java\jdk-17\bin\sunmscapi.dll
0x00007fff85b50000 - 0x00007fff85cce000 	C:\Windows\System32\CRYPT32.dll
0x00007fff84d20000 - 0x00007fff84d50000 	C:\Windows\SYSTEM32\ncrypt.dll
0x00007fff84cd0000 - 0x00007fff84d0f000 	C:\Windows\SYSTEM32\NTASN1.dll
0x00007fff66710000 - 0x00007fff66718000 	C:\Windows\system32\wshunix.dll
0x00007fff80930000 - 0x00007fff8093b000 	C:\Windows\System32\rasadhlp.dll
0x00007fff7f5d0000 - 0x00007fff7f656000 	C:\Windows\System32\fwpuclnt.dll

dbghelp: loaded successfully - version: 4.0.5 - missing functions: none
symbol engine: initialized successfully - sym options: 0x614 - pdb path: .;C:\Program Files\Java\jdk-17\bin;C:\Windows\SYSTEM32;C:\Windows\WinSxS\amd64_microsoft.windows.common-controls_6595b64144ccf1df_6.0.26100.8972_none_3e0da176e32f9d4b;C:\Program Files\Windhawk\Engine\1.7.3\64;C:\ProgramData\Windhawk\Engine\Mods\64;C:\Program Files\Java\jdk-17\bin\server;C:\Users\Drews\.gradle\native\c067742578af261105cb4f569cf0c3c89f3d7b1fecec35dd04571415982c5e48\windows-amd64;C:\Users\Drews\.gradle\native\38dada09dfb8b06ba9b0570ebf7e218e3eb74d4ef43ca46872605cf95ebc2f47\windows-amd64

VM Arguments:
jvm_args: --add-opens=java.base/java.util=ALL-UNNAMED --add-opens=java.base/java.lang=ALL-UNNAMED --add-opens=java.base/java.lang.invoke=ALL-UNNAMED --add-opens=java.prefs/java.util.prefs=ALL-UNNAMED --add-opens=java.base/java.nio.charset=ALL-UNNAMED --add-opens=java.base/java.net=ALL-UNNAMED --add-opens=java.base/java.util.concurrent.atomic=ALL-UNNAMED -Xmx2048m -Dfile.encoding=UTF-8 -Duser.country=US -Duser.language=en -Duser.variant -javaagent:C:\Users\Drews\.gradle\wrapper\dists\gradle-8.4-bin\1w5dpkrfk8irigvoxmyhowfim\gradle-8.4\lib\agents\gradle-instrumentation-agent-8.4.jar 
java_command: org.gradle.launcher.daemon.bootstrap.GradleDaemon 8.4
java_class_path (initial): C:\Users\Drews\.gradle\wrapper\dists\gradle-8.4-bin\1w5dpkrfk8irigvoxmyhowfim\gradle-8.4\lib\gradle-launcher-8.4.jar
Launcher Type: SUN_STANDARD

[Global flags]
     intx CICompilerCount                          = 4                                         {product} {ergonomic}
     uint ConcGCThreads                            = 3                                         {product} {ergonomic}
     uint G1ConcRefinementThreads                  = 10                                        {product} {ergonomic}
   size_t G1HeapRegionSize                         = 1048576                                   {product} {ergonomic}
    uintx GCDrainStackTargetSize                   = 64                                        {product} {ergonomic}
   size_t InitialHeapSize                          = 285212672                                 {product} {ergonomic}
   size_t MarkStackSize                            = 4194304                                   {product} {ergonomic}
   size_t MaxHeapSize                              = 2147483648                                {product} {command line}
   size_t MaxNewSize                               = 1287651328                                {product} {ergonomic}
   size_t MinHeapDeltaBytes                        = 1048576                                   {product} {ergonomic}
   size_t MinHeapSize                              = 8388608                                   {product} {ergonomic}
    uintx NonNMethodCodeHeapSize                   = 5839372                                {pd product} {ergonomic}
    uintx NonProfiledCodeHeapSize                  = 122909434                              {pd product} {ergonomic}
    uintx ProfiledCodeHeapSize                     = 122909434                              {pd product} {ergonomic}
    uintx ReservedCodeCacheSize                    = 251658240                              {pd product} {ergonomic}
     bool SegmentedCodeCache                       = true                                      {product} {ergonomic}
   size_t SoftMaxHeapSize                          = 2147483648                             {manageable} {ergonomic}
     bool UseCompressedClassPointers               = true                           {product lp64_product} {ergonomic}
     bool UseCompressedOops                        = true                           {product lp64_product} {ergonomic}
     bool UseG1GC                                  = true                                      {product} {ergonomic}
     bool UseLargePagesIndividualAllocation        = false                                  {pd product} {ergonomic}

Logging:
Log output configuration:
 #0: stdout all=warning uptime,level,tags
 #1: stderr all=off uptime,level,tags

Environment Variables:
PATH=C:\Program Files\Common Files\Oracle\Java\javapath;C:\Program Files (x86)\Razer Chroma SDK\bin;C:\Program Files\Razer Chroma SDK\bin;C:\Windows\system32;C:\Windows;C:\Windows\System32\Wbem;C:\Windows\System32\WindowsPowerShell\v1.0\;C:\Windows\System32\OpenSSH\;C:\Program Files\dotnet\;C:\Windows\system32\config\systemprofile\AppData\Local\Microsoft\WindowsApps;C:\Program Files (x86)\Razer\ChromaBroadcast\bin;C:\Program Files\Razer\ChromaBroadcast\bin;C:\Users\Drews\AppData\Local\Microsoft\WindowsApps;C:\Program Files\Git\cmd;C:\adb;C:\Users\Drews\AppData\Local\Microsoft\WindowsApps;C:\Users\Drews\.local\bin;C:\Users\Drews\AppData\Local\Python\bin;C:\Users\Drews\AppData\Local\Python\pythoncore-3.14-64\Scripts;
USERNAME=Drews
OS=Windows_NT
PROCESSOR_IDENTIFIER=AMD64 Family 26 Model 68 Stepping 0, AuthenticAMD



---------------  S Y S T E M  ---------------

OS:
 Windows 11 , 64 bit Build 26100 (10.0.26100.9168)
OS uptime: 0 days 11:57 hours
Hyper-V role detected

CPU: total 12 (initial active 12) (12 cores per cpu, 2 threads per core) family 26 model 68 stepping 0 microcode 0xb404035, cx8, cmov, fxsr, ht, mmx, 3dnowpref, sse, sse2, sse3, ssse3, sse4a, sse4.1, sse4.2, popcnt, lzcnt, tsc, tscinvbit, avx, avx2, aes, erms, clmul, bmi1, bmi2, adx, avx512f, avx512dq, avx512cd, avx512bw, avx512vl, sha, fma, vzeroupper, avx512_vpopcntdq, avx512_vpclmulqdq, avx512_vaes, avx512_vnni, clflush, clflushopt, avx512_vbmi2, avx512_vbmi, hv

Memory: 4k page, system-wide physical 17285M (462M free)
TotalPageFile size 33285M (AvailPageFile size 14M)
current process WorkingSet (physical memory assigned to process): 555M, peak: 555M
current process commit charge ("private bytes"): 607M, peak: 609M

vm_info: Java HotSpot(TM) 64-Bit Server VM (17.0.12+8-LTS-286) for windows-amd64 JRE (17.0.12+8-LTS-286), built on Jun  5 2024 06:46:59 by "mach5one" with MS VC++ 17.6 (VS2022)

END.
