#
# There is insufficient memory for the Java Runtime Environment to continue.
# Native memory allocation (malloc) failed to allocate 2235040 bytes. Error detail: Chunk::new
# Possible reasons:
#   The system is out of physical RAM or swap space
#   This process is running with CompressedOops enabled, and the Java Heap may be blocking the growth of the native heap
# Possible solutions:
#   Reduce memory load on the system
#   Increase physical memory or swap space
#   Check if swap backing store is full
#   Decrease Java heap size (-Xmx/-Xms)
#   Decrease number of Java threads
#   Decrease Java thread stack sizes (-Xss)
#   Set larger code cache with -XX:ReservedCodeCacheSize=
#   JVM is running with Zero Based Compressed Oops mode in which the Java heap is
#     placed in the first 32GB address space. The Java Heap base address is the
#     maximum limit for the native heap growth. Please use -XX:HeapBaseMinAddress
#     to set the Java Heap base and to place the Java Heap above 32GB virtual address.
# This output file may be truncated or incomplete.
#
#  Out of Memory Error (arena.cpp:191), pid=16140, tid=24444
#
# JRE version: OpenJDK Runtime Environment JBR-17.0.14+1-1367.22-nomod (17.0.14+1) (build 17.0.14+1-b1367.22)
# Java VM: OpenJDK 64-Bit Server VM JBR-17.0.14+1-1367.22-nomod (17.0.14+1-b1367.22, mixed mode, sharing, tiered, compressed oops, compressed class ptrs, g1 gc, windows-amd64)
# No core dump will be written. Minidumps are not enabled by default on client versions of Windows
#

---------------  S U M M A R Y ------------

Command Line: org.jetbrains.kotlin.cli.jvm.K2JVMCompiler @C:\Users\Drews\AndroidStudioProjects\Chessin\app\build\20260913_17891572330328302021.compiler.options

Host: AMD Ryzen 5 9600X 6-Core Processor             , 12 cores, 16G,  Windows 11 , 64 bit Build 26100 (10.0.26100.9168)
Time: Sun Sep 13 13:36:35 2026 Pacific Daylight Time elapsed time: 0.681970 seconds (0d 0h 0m 0s)

---------------  T H R E A D  ---------------

Current thread (0x000001df1a7f6c70):  JavaThread "C2 CompilerThread0" daemon [_thread_in_native, id=24444, stack(0x000000b87dd00000,0x000000b87de00000)]


Current CompileTask:
C2:    682 1281   !   4       jdk.internal.loader.BuiltinClassLoader::loadClassOrNull (143 bytes)

Stack: [0x000000b87dd00000,0x000000b87de00000]
Native frames: (J=compiled Java code, j=interpreted, Vv=VM code, C=native code)
V  [jvm.dll+0x68b969]  os::platform_print_native_stack+0xd9  (os_windows_x86.cpp:235)
V  [jvm.dll+0x84572a]  VMError::report+0xc6a  (vmError.cpp:868)
V  [jvm.dll+0x8473ae]  VMError::report_and_die+0x78e  (vmError.cpp:1766)
V  [jvm.dll+0x847a13]  VMError::report_and_die+0x43  (vmError.cpp:1552)
V  [jvm.dll+0x24a83f]  report_vm_out_of_memory+0x8f  (debug.cpp:321)
V  [jvm.dll+0xaca04]  Chunk::operator new+0xb4  (arena.cpp:191)
V  [jvm.dll+0xad04c]  Arena::grow+0x3c  (arena.cpp:352)
V  [jvm.dll+0x36af67]  PhaseIFG::init+0xf7  (ifg.cpp:52)
V  [jvm.dll+0x1be5a2]  PhaseChaitin::Register_Allocate+0x682  (chaitin.cpp:553)
V  [jvm.dll+0x21c389]  Compile::Code_Gen+0x3b9  (compile.cpp:2757)
V  [jvm.dll+0x21b671]  Compile::Compile+0xe61  (compile.cpp:836)
V  [jvm.dll+0x1a6acd]  C2Compiler::compile_method+0xad  (c2compiler.cpp:112)
V  [jvm.dll+0x22b58e]  CompileBroker::invoke_compiler_on_method+0x82e  (compileBroker.cpp:2366)
V  [jvm.dll+0x2296d5]  CompileBroker::compiler_thread_loop+0x405  (compileBroker.cpp:2027)
V  [jvm.dll+0x7f9637]  JavaThread::run+0x147  (thread.cpp:1299)
V  [jvm.dll+0x7f3a1c]  Thread::call_run+0x8c  (thread.cpp:405)
V  [jvm.dll+0x68a7c7]  thread_native_entry+0x77  (os_windows.cpp:551)
C  [ucrtbase.dll+0x2cd30]
C  [KERNEL32.DLL+0x2ccb7]
C  [ntdll.dll+0xaad6c]


---------------  P R O C E S S  ---------------

Threads class SMR info:
_java_thread_list=0x000001df60abab10, length=14, elements={
0x000001df7a9c45a0, 0x000001df1a7d85b0, 0x000001df1a7d8e80, 0x000001df1a7ef200,
0x000001df1a7efad0, 0x000001df1a7f03a0, 0x000001df1a7f2050, 0x000001df1a7f6c70,
0x000001df1a7ffa10, 0x000001df1a801da0, 0x000001df6013d330, 0x000001df601470a0,
0x000001df601842e0, 0x000001df60b56cc0
}

Java Threads: ( => current thread )
  0x000001df7a9c45a0 JavaThread "main" [_thread_in_vm, id=11628, stack(0x000000b87d000000,0x000000b87d100000)]
  0x000001df1a7d85b0 JavaThread "Reference Handler" daemon [_thread_blocked, id=15572, stack(0x000000b87d700000,0x000000b87d800000)]
  0x000001df1a7d8e80 JavaThread "Finalizer" daemon [_thread_blocked, id=17236, stack(0x000000b87d800000,0x000000b87d900000)]
  0x000001df1a7ef200 JavaThread "Signal Dispatcher" daemon [_thread_blocked, id=25468, stack(0x000000b87d900000,0x000000b87da00000)]
  0x000001df1a7efad0 JavaThread "Attach Listener" daemon [_thread_blocked, id=19924, stack(0x000000b87da00000,0x000000b87db00000)]
  0x000001df1a7f03a0 JavaThread "Service Thread" daemon [_thread_blocked, id=12008, stack(0x000000b87db00000,0x000000b87dc00000)]
  0x000001df1a7f2050 JavaThread "Monitor Deflation Thread" daemon [_thread_blocked, id=19660, stack(0x000000b87dc00000,0x000000b87dd00000)]
=>0x000001df1a7f6c70 JavaThread "C2 CompilerThread0" daemon [_thread_in_native, id=24444, stack(0x000000b87dd00000,0x000000b87de00000)]
  0x000001df1a7ffa10 JavaThread "C1 CompilerThread0" daemon [_thread_blocked, id=1656, stack(0x000000b87de00000,0x000000b87df00000)]
  0x000001df1a801da0 JavaThread "Sweeper thread" daemon [_thread_blocked, id=17124, stack(0x000000b87df00000,0x000000b87e000000)]
  0x000001df6013d330 JavaThread "Notification Thread" daemon [_thread_blocked, id=17260, stack(0x000000b87e000000,0x000000b87e100000)]
  0x000001df601470a0 JavaThread "Common-Cleaner" daemon [_thread_blocked, id=21556, stack(0x000000b87e200000,0x000000b87e300000)]
  0x000001df601842e0 JavaThread "C2 CompilerThread1" daemon [_thread_in_native, id=1580, stack(0x000000b87e300000,0x000000b87e400000)]
  0x000001df60b56cc0 JavaThread "C2 CompilerThread2" daemon [_thread_blocked, id=23144, stack(0x000000b87eb00000,0x000000b87ec00000)]

Other Threads:
  0x000001df1a7d4ea0 VMThread "VM Thread" [stack: 0x000000b87d600000,0x000000b87d700000] [id=21676]
  0x000001df60143c30 WatcherThread [stack: 0x000000b87e100000,0x000000b87e200000] [id=22280]
  0x000001df7aa30600 GCTaskThread "GC Thread#0" [stack: 0x000000b87d100000,0x000000b87d200000] [id=22540]
  0x000001df603e30e0 GCTaskThread "GC Thread#1" [stack: 0x000000b87e400000,0x000000b87e500000] [id=24452]
  0x000001df603e3be0 GCTaskThread "GC Thread#2" [stack: 0x000000b87e500000,0x000000b87e600000] [id=19920]
  0x000001df603e2b60 GCTaskThread "GC Thread#3" [stack: 0x000000b87e600000,0x000000b87e700000] [id=14724]
  0x000001df603e2e20 GCTaskThread "GC Thread#4" [stack: 0x000000b87e700000,0x000000b87e800000] [id=17948]
  0x000001df603e2060 GCTaskThread "GC Thread#5" [stack: 0x000000b87e800000,0x000000b87e900000] [id=17252]
  0x000001df603e2320 GCTaskThread "GC Thread#6" [stack: 0x000000b87e900000,0x000000b87ea00000] [id=23156]
  0x000001df603e25e0 GCTaskThread "GC Thread#7" [stack: 0x000000b87ea00000,0x000000b87eb00000] [id=17944]
  0x000001df60d44b80 GCTaskThread "GC Thread#8" [stack: 0x000000b87ec00000,0x000000b87ed00000] [id=22072]
  0x000001df60d46c80 GCTaskThread "GC Thread#9" [stack: 0x000000b87ed00000,0x000000b87ee00000] [id=16344]
  0x000001df7aa39c10 ConcurrentGCThread "G1 Main Marker" [stack: 0x000000b87d200000,0x000000b87d300000] [id=22472]
  0x000001df7aa3c0c0 ConcurrentGCThread "G1 Conc#0" [stack: 0x000000b87d300000,0x000000b87d400000] [id=22920]
  0x000001df60d44e40 ConcurrentGCThread "G1 Conc#1" [stack: 0x000000b87ee00000,0x000000b87ef00000] [id=21856]
  0x000001df60d46440 ConcurrentGCThread "G1 Conc#2" [stack: 0x000000b87ef00000,0x000000b87f000000] [id=25064]
  0x000001df1a692250 ConcurrentGCThread "G1 Refine#0" [stack: 0x000000b87d400000,0x000000b87d500000] [id=18248]
  0x000001df1a692930 ConcurrentGCThread "G1 Service" [stack: 0x000000b87d500000,0x000000b87d600000] [id=22776]

Threads with active compile tasks:
C2 CompilerThread0      777 1281   !   4       jdk.internal.loader.BuiltinClassLoader::loadClassOrNull (143 bytes)
C1 CompilerThread0      777 1762       3       sun.reflect.generics.parser.SignatureParser::parseTypeSignature (130 bytes)
C2 CompilerThread1      777 1759       4       java.util.HashMap$HashIterator::nextNode (100 bytes)
C2 CompilerThread2      777 1761       4       java.lang.PublicMethods$Key::hashCode (19 bytes)

VM state: not at safepoint (normal execution)

VM Mutex/Monitor currently owned by a thread: None

Heap address: 0x00000006f1c00000, size: 4324 MB, Compressed Oops mode: Zero based, Oop shift amount: 3

CDS archive(s) mapped at: [0x000001df1b000000-0x000001df1bc00000-0x000001df1bc00000), size 12582912, SharedBaseAddress: 0x000001df1b000000, ArchiveRelocationMode: 1.
Compressed class space mapped at: 0x000001df1c000000-0x000001df5c000000, reserved size: 1073741824
Narrow klass base: 0x000001df1b000000, Narrow klass shift: 0, Narrow klass range: 0x100000000

GC Precious Log:
 CPUs: 12 total, 12 available
 Memory: 17285M
 Large Page Support: Disabled
 NUMA Support: Disabled
 Compressed Oops: Enabled (Zero based)
 Heap Region Size: 4M
 Heap Min Capacity: 8M
 Heap Initial Capacity: 272M
 Heap Max Capacity: 4324M
 Pre-touch: Disabled
 Parallel Workers: 10
 Concurrent Workers: 3
 Concurrent Refinement Workers: 10
 Periodic GC: Disabled

Heap:
 garbage-first heap   total 69632K, used 22963K [0x00000006f1c00000, 0x0000000800000000)
  region size 4096K, 5 young (20480K), 2 survivors (8192K)
 Metaspace       used 23488K, committed 23680K, reserved 1114112K
  class space    used 3225K, committed 3264K, reserved 1048576K

Heap Regions: E=young(eden), S=young(survivor), O=old, HS=humongous(starts), HC=humongous(continues), CS=collection set, F=free, OA=open archive, CA=closed archive, TAMS=top-at-mark-start (previous, next)
|   0|0x00000006f1c00000, 0x00000006f2000000, 0x00000006f2000000|100%|HS|  |TAMS 0x00000006f2000000, 0x00000006f1c00000| Complete 
|   1|0x00000006f2000000, 0x00000006f2284e00, 0x00000006f2400000| 62%| O|  |TAMS 0x00000006f2284e00, 0x00000006f2000000| Complete 
|   2|0x00000006f2400000, 0x00000006f2400000, 0x00000006f2800000|  0%| F|  |TAMS 0x00000006f2400000, 0x00000006f2400000| Untracked 
|   3|0x00000006f2800000, 0x00000006f2800000, 0x00000006f2c00000|  0%| F|  |TAMS 0x00000006f2800000, 0x00000006f2800000| Untracked 
|   4|0x00000006f2c00000, 0x00000006f2c00000, 0x00000006f3000000|  0%| F|  |TAMS 0x00000006f2c00000, 0x00000006f2c00000| Untracked 
|   5|0x00000006f3000000, 0x00000006f3000000, 0x00000006f3400000|  0%| F|  |TAMS 0x00000006f3000000, 0x00000006f3000000| Untracked 
|   6|0x00000006f3400000, 0x00000006f3400000, 0x00000006f3800000|  0%| F|  |TAMS 0x00000006f3400000, 0x00000006f3400000| Untracked 
|   7|0x00000006f3800000, 0x00000006f3800000, 0x00000006f3c00000|  0%| F|  |TAMS 0x00000006f3800000, 0x00000006f3800000| Untracked 
|   8|0x00000006f3c00000, 0x00000006f3c00000, 0x00000006f4000000|  0%| F|  |TAMS 0x00000006f3c00000, 0x00000006f3c00000| Untracked 
|   9|0x00000006f4000000, 0x00000006f4000000, 0x00000006f4400000|  0%| F|  |TAMS 0x00000006f4000000, 0x00000006f4000000| Untracked 
|  10|0x00000006f4400000, 0x00000006f4400000, 0x00000006f4800000|  0%| F|  |TAMS 0x00000006f4400000, 0x00000006f4400000| Untracked 
|  11|0x00000006f4800000, 0x00000006f4800000, 0x00000006f4c00000|  0%| F|  |TAMS 0x00000006f4800000, 0x00000006f4800000| Untracked 
|  12|0x00000006f4c00000, 0x00000006f5000000, 0x00000006f5000000|100%| E|  |TAMS 0x00000006f4c00000, 0x00000006f4c00000| Complete 
|  13|0x00000006f5000000, 0x00000006f5400000, 0x00000006f5400000|100%| E|CS|TAMS 0x00000006f5000000, 0x00000006f5000000| Complete 
|  53|0x00000006ff000000, 0x00000006ff3e8090, 0x00000006ff400000| 97%| S|CS|TAMS 0x00000006ff000000, 0x00000006ff000000| Complete 
|  54|0x00000006ff400000, 0x00000006ff800000, 0x00000006ff800000|100%| S|CS|TAMS 0x00000006ff400000, 0x00000006ff400000| Complete 
|  67|0x0000000702800000, 0x0000000702c00000, 0x0000000702c00000|100%| E|CS|TAMS 0x0000000702800000, 0x0000000702800000| Complete 

Card table byte_map: [0x000001df7f740000,0x000001df7ffc0000] _byte_map_base: 0x000001df7bfb2000

Marking Bits (Prev, Next): (CMBitMap*) 0x000001df7aa30b70, (CMBitMap*) 0x000001df7aa30b30
 Prev Bits: [0x000001df13c10000, 0x000001df17fa0000)
 Next Bits: [0x000001df0f880000, 0x000001df13c10000)

Polling page: 0x000001df78e20000

Metaspace:

Usage:
  Non-class:     19.80 MB used.
      Class:      3.15 MB used.
       Both:     22.95 MB used.

Virtual space:
  Non-class space:       64.00 MB reserved,      19.94 MB ( 31%) committed,  1 nodes.
      Class space:        1.00 GB reserved,       3.19 MB ( <1%) committed,  1 nodes.
             Both:        1.06 GB reserved,      23.12 MB (  2%) committed. 

Chunk freelists:
   Non-Class:  10.23 MB
       Class:  12.75 MB
        Both:  22.98 MB

MaxMetaspaceSize: unlimited
CompressedClassSpaceSize: 1.00 GB
Initial GC threshold: 21.00 MB
Current GC threshold: 35.31 MB
CDS: on
MetaspaceReclaimPolicy: balanced
 - commit_granule_bytes: 65536.
 - commit_granule_words: 8192.
 - virtual_space_node_default_size: 8388608.
 - enlarge_chunks_in_place: 1.
 - new_chunks_are_fully_committed: 0.
 - uncommit_free_chunks: 1.
 - use_allocation_guard: 0.
 - handle_deallocations: 1.


Internal statistics:

num_allocs_failed_limit: 3.
num_arena_births: 116.
num_arena_deaths: 0.
num_vsnodes_births: 2.
num_vsnodes_deaths: 0.
num_space_committed: 369.
num_space_uncommitted: 0.
num_chunks_returned_to_freelist: 3.
num_chunks_taken_from_freelist: 912.
num_chunk_merges: 3.
num_chunk_splits: 739.
num_chunks_enlarged: 663.
num_inconsistent_stats: 0.

CodeHeap 'non-profiled nmethods': size=120000Kb used=788Kb max_used=788Kb free=119211Kb
 bounds [0x000001df07ad0000, 0x000001df07d40000, 0x000001df0f000000]
CodeHeap 'profiled nmethods': size=120000Kb used=2946Kb max_used=2946Kb free=117053Kb
 bounds [0x000001df00000000, 0x000001df002f0000, 0x000001df07530000]
CodeHeap 'non-nmethods': size=5760Kb used=1230Kb max_used=1253Kb free=4529Kb
 bounds [0x000001df07530000, 0x000001df077a0000, 0x000001df07ad0000]
 total_blobs=2275 nmethods=1761 adapters=426
 compilation: enabled
              stopped_count=0, restarted_count=0
 full_count=0

Compilation events (20 events):
Event: 0.658 Thread 0x000001df1a7ffa10 1570       3       org.jetbrains.kotlin.protobuf.GeneratedMessageLite$GeneratedExtension::singularToFieldSetType (28 bytes)
Event: 0.658 Thread 0x000001df1a7ffa10 nmethod 1570 0x000001df00274b10 code [0x000001df00274d00, 0x000001df002753e8]
Event: 0.658 Thread 0x000001df1a7ffa10 1571       3       org.jetbrains.kotlin.protobuf.FieldSet::verifyType (205 bytes)
Event: 0.658 Thread 0x000001df601842e0 nmethod 1544 0x000001df07b80610 code [0x000001df07b807c0, 0x000001df07b80e48]
Event: 0.658 Thread 0x000001df601842e0 1556 %     4       java.lang.StringLatin1::inflate @ 3 (34 bytes)
Event: 0.658 Thread 0x000001df1a7ffa10 nmethod 1571 0x000001df00275610 code [0x000001df00275860, 0x000001df00276bb8]
Event: 0.658 Thread 0x000001df1a7ffa10 1560       3       org.jetbrains.kotlin.metadata.ProtoBuf$QualifiedNameTable$QualifiedName$1::parsePartialFrom (7 bytes)
Event: 0.659 Thread 0x000001df1a7ffa10 nmethod 1560 0x000001df00276d90 code [0x000001df00276f20, 0x000001df00277068]
Event: 0.659 Thread 0x000001df1a7ffa10 1569       3       org.jetbrains.kotlin.metadata.ProtoBuf$Annotation$Argument$Value::hasAnnotation (20 bytes)
Event: 0.659 Thread 0x000001df1a7ffa10 nmethod 1569 0x000001df00277110 code [0x000001df002772a0, 0x000001df00277418]
Event: 0.659 Thread 0x000001df1a7ffa10 1572       3       org.jetbrains.kotlin.protobuf.GeneratedMessageLite$Builder::<init> (12 bytes)
Event: 0.659 Thread 0x000001df1a7ffa10 nmethod 1572 0x000001df00277490 code [0x000001df00277640, 0x000001df00277878]
Event: 0.659 Thread 0x000001df1a7ffa10 1573       3       org.jetbrains.kotlin.protobuf.AbstractMessageLite$Builder::<init> (5 bytes)
Event: 0.659 Thread 0x000001df1a7ffa10 nmethod 1573 0x000001df00277990 code [0x000001df00277b20, 0x000001df00277c78]
Event: 0.659 Thread 0x000001df1a7ffa10 1574       1       org.jetbrains.kotlin.com.intellij.openapi.vfs.impl.jar.CoreJarVirtualFile::getChildren (5 bytes)
Event: 0.659 Thread 0x000001df1a7ffa10 nmethod 1574 0x000001df07b81210 code [0x000001df07b813a0, 0x000001df07b81478]
Event: 0.660 Thread 0x000001df60b56cc0 nmethod 1541 0x000001df07b81510 code [0x000001df07b816e0, 0x000001df07b82458]
Event: 0.660 Thread 0x000001df60b56cc0 1563       4       org.jetbrains.kotlin.protobuf.GeneratedMessageLite::makeExtensionsImmutable (1 bytes)
Event: 0.660 Thread 0x000001df60b56cc0 nmethod 1563 0x000001df07b82b10 code [0x000001df07b82c80, 0x000001df07b82cf8]
Event: 0.661 Thread 0x000001df601842e0 nmethod 1556% 0x000001df07b82e10 code [0x000001df07b82fa0, 0x000001df07b83358]

GC Heap History (4 events):
Event: 0.224 GC heap before
{Heap before GC invocations=0 (full 0):
 garbage-first heap   total 278528K, used 24576K [0x00000006f1c00000, 0x0000000800000000)
  region size 4096K, 5 young (20480K), 0 survivors (0K)
 Metaspace       used 6132K, committed 6208K, reserved 1114112K
  class space    used 644K, committed 704K, reserved 1048576K
}
Event: 0.225 GC heap after
{Heap after GC invocations=1 (full 0):
 garbage-first heap   total 278528K, used 6848K [0x00000006f1c00000, 0x0000000800000000)
  region size 4096K, 1 young (4096K), 1 survivors (4096K)
 Metaspace       used 6132K, committed 6208K, reserved 1114112K
  class space    used 644K, committed 704K, reserved 1048576K
}
Event: 0.418 GC heap before
{Heap before GC invocations=1 (full 0):
 garbage-first heap   total 278528K, used 31424K [0x00000006f1c00000, 0x0000000800000000)
  region size 4096K, 7 young (28672K), 1 survivors (4096K)
 Metaspace       used 13868K, committed 14080K, reserved 1114112K
  class space    used 1653K, committed 1728K, reserved 1048576K
}
Event: 0.419 GC heap after
{Heap after GC invocations=2 (full 0):
 garbage-first heap   total 278528K, used 7901K [0x00000006f1c00000, 0x0000000800000000)
  region size 4096K, 1 young (4096K), 1 survivors (4096K)
 Metaspace       used 13868K, committed 14080K, reserved 1114112K
  class space    used 1653K, committed 1728K, reserved 1048576K
}

Dll operation events (3 events):
Event: 0.004 Loaded shared library C:\Users\Drews\.jdks\jbr-17.0.14\bin\java.dll
Event: 0.015 Loaded shared library C:\Users\Drews\.jdks\jbr-17.0.14\bin\jsvml.dll
Event: 0.371 Loaded shared library C:\Users\Drews\.jdks\jbr-17.0.14\bin\verify.dll

Deoptimization events (20 events):
Event: 0.643 Thread 0x000001df7a9c45a0 Uncommon trap: trap_request=0xffffffde fr.pc=0x000001df07b6fda8 relative=0x0000000000000548
Event: 0.643 Thread 0x000001df7a9c45a0 Uncommon trap: reason=class_check action=maybe_recompile pc=0x000001df07b6fda8 method=org.jetbrains.kotlin.protobuf.CodedInputStream.tryRefillBuffer(I)Z @ 177 c2
Event: 0.643 Thread 0x000001df7a9c45a0 DEOPT PACKING pc=0x000001df07b6fda8 sp=0x000000b87d0fdf60
Event: 0.643 Thread 0x000001df7a9c45a0 DEOPT UNPACKING pc=0x000001df0758a1a3 sp=0x000000b87d0fde48 mode 2
Event: 0.643 Thread 0x000001df7a9c45a0 Uncommon trap: trap_request=0xffffffde fr.pc=0x000001df07b515f8 relative=0x0000000000000078
Event: 0.643 Thread 0x000001df7a9c45a0 Uncommon trap: reason=class_check action=maybe_recompile pc=0x000001df07b515f8 method=java.util.AbstractList$Itr.hasNext()Z @ 8 c2
Event: 0.643 Thread 0x000001df7a9c45a0 DEOPT PACKING pc=0x000001df07b515f8 sp=0x000000b87d0fe330
Event: 0.643 Thread 0x000001df7a9c45a0 DEOPT UNPACKING pc=0x000001df0758a1a3 sp=0x000000b87d0fe2c8 mode 2
Event: 0.643 Thread 0x000001df7a9c45a0 Uncommon trap: trap_request=0xffffffde fr.pc=0x000001df07b5360c relative=0x00000000000000ec
Event: 0.643 Thread 0x000001df7a9c45a0 Uncommon trap: reason=class_check action=maybe_recompile pc=0x000001df07b5360c method=java.util.AbstractList$Itr.next()Ljava/lang/Object; @ 14 c2
Event: 0.643 Thread 0x000001df7a9c45a0 DEOPT PACKING pc=0x000001df07b5360c sp=0x000000b87d0fe2c0
Event: 0.644 Thread 0x000001df7a9c45a0 DEOPT UNPACKING pc=0x000001df0758a1a3 sp=0x000000b87d0fe258 mode 2
Event: 0.644 Thread 0x000001df7a9c45a0 Uncommon trap: trap_request=0xffffffde fr.pc=0x000001df07b5360c relative=0x00000000000000ec
Event: 0.644 Thread 0x000001df7a9c45a0 Uncommon trap: reason=class_check action=maybe_recompile pc=0x000001df07b5360c method=java.util.AbstractList$Itr.next()Ljava/lang/Object; @ 14 c2
Event: 0.644 Thread 0x000001df7a9c45a0 DEOPT PACKING pc=0x000001df07b5360c sp=0x000000b87d0fe2c0
Event: 0.644 Thread 0x000001df7a9c45a0 DEOPT UNPACKING pc=0x000001df0758a1a3 sp=0x000000b87d0fe258 mode 2
Event: 0.644 Thread 0x000001df7a9c45a0 Uncommon trap: trap_request=0xffffffde fr.pc=0x000001df07b5360c relative=0x00000000000000ec
Event: 0.644 Thread 0x000001df7a9c45a0 Uncommon trap: reason=class_check action=maybe_recompile pc=0x000001df07b5360c method=java.util.AbstractList$Itr.next()Ljava/lang/Object; @ 14 c2
Event: 0.644 Thread 0x000001df7a9c45a0 DEOPT PACKING pc=0x000001df07b5360c sp=0x000000b87d0fe2c0
Event: 0.644 Thread 0x000001df7a9c45a0 DEOPT UNPACKING pc=0x000001df0758a1a3 sp=0x000000b87d0fe258 mode 2

Classes loaded (20 events):
Event: 0.516 Loading class sun/nio/cs/ThreadLocalCoders$Cache done
Event: 0.516 Loading class sun/nio/cs/ThreadLocalCoders$1 done
Event: 0.516 Loading class sun/nio/cs/ThreadLocalCoders$2
Event: 0.516 Loading class sun/nio/cs/ThreadLocalCoders$2 done
Event: 0.519 Loading class java/beans/PropertyChangeSupport
Event: 0.519 Loading class java/beans/PropertyChangeSupport done
Event: 0.519 Loading class java/beans/PropertyChangeSupport$PropertyChangeListenerMap
Event: 0.519 Loading class java/beans/ChangeListenerMap
Event: 0.519 Loading class java/beans/ChangeListenerMap done
Event: 0.519 Loading class java/beans/PropertyChangeSupport$PropertyChangeListenerMap done
Event: 0.519 Loading class java/beans/PropertyChangeListener
Event: 0.519 Loading class java/beans/PropertyChangeListener done
Event: 0.577 Loading class java/util/Formatter$FixedString
Event: 0.577 Loading class java/util/Formatter$FixedString done
Event: 0.617 Loading class java/util/LinkedList$ListItr
Event: 0.617 Loading class java/util/LinkedList$ListItr done
Event: 0.617 Loading class jdk/internal/misc/ScopedMemoryAccess$Scope
Event: 0.617 Loading class jdk/internal/misc/ScopedMemoryAccess$Scope done
Event: 0.639 Loading class java/io/EOFException
Event: 0.639 Loading class java/io/EOFException done

Classes unloaded (0 events):
No events

Classes redefined (0 events):
No events

Internal exceptions (20 events):
Event: 0.285 Thread 0x000001df7a9c45a0 Exception <a 'java/lang/NoSuchMethodError'{0x00000007027f9c48}: 'int java.lang.invoke.DirectMethodHandle$Holder.invokeSpecial(java.lang.Object, java.lang.Object, java.lang.Object)'> (0x00000007027f9c48) 
thrown [s\src\hotspot\share\interpreter\linkResolver.cpp, line 771]
Event: 0.285 Thread 0x000001df7a9c45a0 Exception <a 'java/lang/NoSuchMethodError'{0x00000007027fd938}: 'int java.lang.invoke.DirectMethodHandle$Holder.invokeSpecial(java.lang.Object, java.lang.Object, java.lang.Object, java.lang.Object)'> (0x00000007027fd938) 
thrown [s\src\hotspot\share\interpreter\linkResolver.cpp, line 771]
Event: 0.285 Thread 0x000001df7a9c45a0 Exception <a 'java/lang/NoSuchMethodError'{0x0000000702001208}: 'int java.lang.invoke.Invokers$Holder.invoke_MT(java.lang.Object, java.lang.Object, java.lang.Object, java.lang.Object)'> (0x0000000702001208) 
thrown [s\src\hotspot\share\interpreter\linkResolver.cpp, line 771]
Event: 0.286 Thread 0x000001df7a9c45a0 Exception <a 'java/lang/NoSuchMethodError'{0x0000000702010790}: 'void java.lang.invoke.DelegatingMethodHandle$Holder.reinvoke_L(java.lang.Object, java.lang.Object, java.lang.Object, long, java.lang.Object)'> (0x0000000702010790) 
thrown [s\src\hotspot\share\interpreter\linkResolver.cpp, line 771]
Event: 0.286 Thread 0x000001df7a9c45a0 Exception <a 'java/lang/NoSuchMethodError'{0x00000007020183c8}: 'java.lang.Object java.lang.invoke.DirectMethodHandle$Holder.invokeSpecial(java.lang.Object, java.lang.Object, java.lang.Object, java.lang.Object, long)'> (0x00000007020183c8) 
thrown [s\src\hotspot\share\interpreter\linkResolver.cpp, line 771]
Event: 0.287 Thread 0x000001df7a9c45a0 Exception <a 'java/lang/NoSuchMethodError'{0x0000000702027788}: 'int java.lang.invoke.DelegatingMethodHandle$Holder.reinvoke_L(java.lang.Object, java.lang.Object, java.lang.Object, long, java.lang.Object, java.lang.Object)'> (0x0000000702027788) 
thrown [s\src\hotspot\share\interpreter\linkResolver.cpp, line 771]
Event: 0.287 Thread 0x000001df7a9c45a0 Exception <a 'java/lang/NoSuchMethodError'{0x0000000702036318}: 'int java.lang.invoke.DelegatingMethodHandle$Holder.reinvoke_L(java.lang.Object, java.lang.Object, java.lang.Object, long, int, int)'> (0x0000000702036318) 
thrown [s\src\hotspot\share\interpreter\linkResolver.cpp, line 771]
Event: 0.287 Thread 0x000001df7a9c45a0 Exception <a 'java/lang/NoSuchMethodError'{0x0000000702044c50}: 'int java.lang.invoke.DelegatingMethodHandle$Holder.reinvoke_L(java.lang.Object, java.lang.Object, java.lang.Object, long, long, long)'> (0x0000000702044c50) 
thrown [s\src\hotspot\share\interpreter\linkResolver.cpp, line 771]
Event: 0.288 Thread 0x000001df7a9c45a0 Exception <a 'java/lang/NoSuchMethodError'{0x0000000702053268}: 'int java.lang.invoke.DelegatingMethodHandle$Holder.reinvoke_L(java.lang.Object, java.lang.Object, java.lang.Object, long, int)'> (0x0000000702053268) 
thrown [s\src\hotspot\share\interpreter\linkResolver.cpp, line 771]
Event: 0.295 Thread 0x000001df7a9c45a0 Exception <a 'java/lang/NoSuchMethodError'{0x00000007020fc2d0}: 'int java.lang.invoke.DirectMethodHandle$Holder.invokeStaticInit(java.lang.Object, java.lang.Object, java.lang.Object)'> (0x00000007020fc2d0) 
thrown [s\src\hotspot\share\interpreter\linkResolver.cpp, line 771]
Event: 0.297 Thread 0x000001df7a9c45a0 Exception <a 'java/lang/NoSuchMethodError'{0x00000007021250f8}: 'int java.lang.invoke.DirectMethodHandle$Holder.invokeStaticInit(java.lang.Object, java.lang.Object)'> (0x00000007021250f8) 
thrown [s\src\hotspot\share\interpreter\linkResolver.cpp, line 771]
Event: 0.305 Thread 0x000001df7a9c45a0 Exception <a 'java/lang/NoSuchMethodError'{0x00000007022040d8}: 'void java.lang.invoke.DirectMethodHandle$Holder.invokeSpecial(java.lang.Object, java.lang.Object, java.lang.Object)'> (0x00000007022040d8) 
thrown [s\src\hotspot\share\interpreter\linkResolver.cpp, line 771]
Event: 0.332 Thread 0x000001df7a9c45a0 Exception <a 'java/lang/NoSuchMethodError'{0x0000000701d28180}: 'void java.lang.invoke.DirectMethodHandle$Holder.invokeStatic(java.lang.Object, java.lang.Object, java.lang.Object, java.lang.Object)'> (0x0000000701d28180) 
thrown [s\src\hotspot\share\interpreter\linkResolver.cpp, line 771]
Event: 0.359 Thread 0x000001df7a9c45a0 Exception <a 'java/lang/NoSuchMethodError'{0x00000007018ec730}: 'void java.lang.invoke.DirectMethodHandle$Holder.invokeStaticInit(java.lang.Object, java.lang.Object)'> (0x00000007018ec730) 
thrown [s\src\hotspot\share\interpreter\linkResolver.cpp, line 771]
Event: 0.401 Thread 0x000001df7a9c45a0 Exception <a 'java/lang/NoSuchMethodError'{0x000000070121e1a0}: 'void java.lang.invoke.DirectMethodHandle$Holder.invokeVirtual(java.lang.Object, java.lang.Object)'> (0x000000070121e1a0) 
thrown [s\src\hotspot\share\interpreter\linkResolver.cpp, line 771]
Event: 0.404 Thread 0x000001df7a9c45a0 Exception <a 'java/lang/NoSuchMethodError'{0x00000007012696b8}: 'int java.lang.invoke.DirectMethodHandle$Holder.invokeVirtual(java.lang.Object, java.lang.Object)'> (0x00000007012696b8) 
thrown [s\src\hotspot\share\interpreter\linkResolver.cpp, line 771]
Event: 0.411 Thread 0x000001df7a9c45a0 Exception <a 'java/lang/NoSuchMethodError'{0x0000000701324850}: 'java.lang.Object java.lang.invoke.Invokers$Holder.invokeExact_MT(java.lang.Object, java.lang.Object, java.lang.Object, java.lang.Object, java.lang.Object, java.lang.Object)'> (0x0000000701324850) 
thrown [s\src\hotspot\share\interpreter\linkResolver.cpp, line 771]
Event: 0.568 Thread 0x000001df7a9c45a0 Implicit null exception at 0x000001df07af7272 to 0x000001df07af785c
Event: 0.615 Thread 0x000001df7a9c45a0 Implicit null exception at 0x000001df07b008f2 to 0x000001df07b00ef0
Event: 0.637 Thread 0x000001df7a9c45a0 Exception <a 'java/lang/NoSuchMethodError'{0x00000006ffc09430}: 'java.lang.Object java.lang.invoke.DirectMethodHandle$Holder.invokeVirtual(java.lang.Object, java.lang.Object, java.lang.Object)'> (0x00000006ffc09430) 
thrown [s\src\hotspot\share\interpreter\linkResolver.cpp, line 771]

VM Operations (18 events):
Event: 0.044 Executing VM operation: HandshakeAllThreads
Event: 0.044 Executing VM operation: HandshakeAllThreads done
Event: 0.147 Executing VM operation: HandshakeAllThreads
Event: 0.147 Executing VM operation: HandshakeAllThreads done
Event: 0.175 Executing VM operation: HandshakeAllThreads
Event: 0.175 Executing VM operation: HandshakeAllThreads done
Event: 0.191 Executing VM operation: HandshakeAllThreads
Event: 0.191 Executing VM operation: HandshakeAllThreads done
Event: 0.223 Executing VM operation: G1CollectForAllocation
Event: 0.225 Executing VM operation: G1CollectForAllocation done
Event: 0.244 Executing VM operation: HandshakeAllThreads
Event: 0.244 Executing VM operation: HandshakeAllThreads done
Event: 0.392 Executing VM operation: HandshakeAllThreads
Event: 0.392 Executing VM operation: HandshakeAllThreads done
Event: 0.418 Executing VM operation: G1CollectForAllocation
Event: 0.419 Executing VM operation: G1CollectForAllocation done
Event: 0.616 Executing VM operation: HandshakeAllThreads
Event: 0.616 Executing VM operation: HandshakeAllThreads done

Memory protections (0 events):
No events

Nmethod flushes (0 events):
No events

Events (18 events):
Event: 0.015 Thread 0x000001df7a9c45a0 Thread added: 0x000001df7a9c45a0
Event: 0.016 Thread 0x000001df7a9c45a0 Thread added: 0x000001df1a7d85b0
Event: 0.016 Thread 0x000001df7a9c45a0 Thread added: 0x000001df1a7d8e80
Event: 0.020 Thread 0x000001df7a9c45a0 Thread added: 0x000001df1a7ef200
Event: 0.020 Thread 0x000001df7a9c45a0 Thread added: 0x000001df1a7efad0
Event: 0.020 Thread 0x000001df7a9c45a0 Thread added: 0x000001df1a7f03a0
Event: 0.020 Thread 0x000001df7a9c45a0 Thread added: 0x000001df1a7f2050
Event: 0.020 Thread 0x000001df7a9c45a0 Thread added: 0x000001df1a7f6c70
Event: 0.020 Thread 0x000001df7a9c45a0 Thread added: 0x000001df1a7ffa10
Event: 0.020 Thread 0x000001df7a9c45a0 Thread added: 0x000001df1a801da0
Event: 0.028 Thread 0x000001df7a9c45a0 Thread added: 0x000001df6013d330
Event: 0.029 Thread 0x000001df7a9c45a0 Thread added: 0x000001df601470a0
Event: 0.031 Loaded shared library C:\Users\Drews\.jdks\jbr-17.0.14\bin\net.dll
Event: 0.032 Loaded shared library C:\Users\Drews\.jdks\jbr-17.0.14\bin\nio.dll
Event: 0.040 Thread 0x000001df1a7f6c70 Thread added: 0x000001df601842e0
Event: 0.044 Loaded shared library C:\Users\Drews\.jdks\jbr-17.0.14\bin\zip.dll
Event: 0.057 Loaded shared library C:\Users\Drews\.jdks\jbr-17.0.14\bin\jimage.dll
Event: 0.467 Thread 0x000001df1a7ffa10 Thread added: 0x000001df60b56cc0


Dynamic libraries:
0x00007ff7e3680000 - 0x00007ff7e368a000 	C:\Users\Drews\.jdks\jbr-17.0.14\bin\java.exe
0x00007fff883e0000 - 0x00007fff88646000 	C:\Windows\SYSTEM32\ntdll.dll
0x00007fff87d30000 - 0x00007fff87df9000 	C:\Windows\System32\KERNEL32.DLL
0x00007fff85740000 - 0x00007fff85b3f000 	C:\Windows\System32\KERNELBASE.dll
0x00007fff85d10000 - 0x00007fff85e5c000 	C:\Windows\System32\ucrtbase.dll
0x00007fff63680000 - 0x00007fff63697000 	C:\Users\Drews\.jdks\jbr-17.0.14\bin\jli.dll
0x00007fff62110000 - 0x00007fff6212b000 	C:\Users\Drews\.jdks\jbr-17.0.14\bin\VCRUNTIME140.dll
0x00007fff88110000 - 0x00007fff882d6000 	C:\Windows\System32\USER32.dll
0x00007fff79770000 - 0x00007fff79a01000 	C:\Windows\WinSxS\amd64_microsoft.windows.common-controls_6595b64144ccf1df_6.0.26100.8972_none_3e0da176e32f9d4b\COMCTL32.dll
0x00007fff85ce0000 - 0x00007fff85d07000 	C:\Windows\System32\win32u.dll
0x00007fff861f0000 - 0x00007fff86299000 	C:\Windows\System32\msvcrt.dll
0x00007fff87650000 - 0x00007fff8767b000 	C:\Windows\System32\GDI32.dll
0x00007fff85fe0000 - 0x00007fff86109000 	C:\Windows\System32\gdi32full.dll
0x00007fff85f30000 - 0x00007fff85fd3000 	C:\Windows\System32\msvcp_win.dll
0x00007fff87e00000 - 0x00007fff87e32000 	C:\Windows\System32\IMM32.DLL
0x00007fff70b50000 - 0x00007fff70c42000 	C:\Program Files\Windhawk\Engine\1.7.3\64\windhawk.dll
0x00007fff87ee0000 - 0x00007fff87f9c000 	C:\Windows\System32\ADVAPI32.dll
0x00007fff87c80000 - 0x00007fff87d2a000 	C:\Windows\System32\sechost.dll
0x00007fff87680000 - 0x00007fff87798000 	C:\Windows\System32\RPCRT4.dll
0x00007fff70ae0000 - 0x00007fff70afa000 	C:\ProgramData\Windhawk\Engine\Mods\64\win11-accent-border_1.0.4_533266.dll
0x00007fff82b20000 - 0x00007fff82b4f000 	C:\Windows\SYSTEM32\dwmapi.dll
0x00007fff868c0000 - 0x00007fff86c45000 	C:\Windows\System32\combase.dll
0x00007fff655c0000 - 0x00007fff655cc000 	C:\Users\Drews\.jdks\jbr-17.0.14\bin\vcruntime140_1.dll
0x00007fff21c80000 - 0x00007fff21d0d000 	C:\Users\Drews\.jdks\jbr-17.0.14\bin\msvcp140.dll
0x00007ffedbb50000 - 0x00007ffedc7de000 	C:\Users\Drews\.jdks\jbr-17.0.14\bin\server\jvm.dll
0x00007fff86c50000 - 0x00007fff86cd2000 	C:\Windows\System32\WS2_32.dll
0x00007fff853c0000 - 0x00007fff8541e000 	C:\Windows\SYSTEM32\POWRPROF.dll
0x00007fff79730000 - 0x00007fff79766000 	C:\Windows\SYSTEM32\WINMM.dll
0x00007fff7c6f0000 - 0x00007fff7c6fb000 	C:\Windows\SYSTEM32\VERSION.dll
0x00007fff853a0000 - 0x00007fff853b5000 	C:\Windows\SYSTEM32\UMPDC.dll
0x00007fff84210000 - 0x00007fff8422b000 	C:\Windows\SYSTEM32\kernel.appcore.dll
0x00007fff65590000 - 0x00007fff6559a000 	C:\Users\Drews\.jdks\jbr-17.0.14\bin\jimage.dll
0x00007fff7e140000 - 0x00007fff7e382000 	C:\Windows\SYSTEM32\DBGHELP.DLL
0x00007fff86ce0000 - 0x00007fff86db9000 	C:\Windows\System32\OLEAUT32.dll
0x00007fff79ff0000 - 0x00007fff7a02b000 	C:\Windows\SYSTEM32\dbgcore.DLL
0x00007fff85e70000 - 0x00007fff85f1c000 	C:\Windows\System32\bcryptPrimitives.dll
0x00007fff5dad0000 - 0x00007fff5daf5000 	C:\Users\Drews\.jdks\jbr-17.0.14\bin\java.dll
0x00007fff20b40000 - 0x00007fff20c17000 	C:\Users\Drews\.jdks\jbr-17.0.14\bin\jsvml.dll
0x00007fff86dc0000 - 0x00007fff87548000 	C:\Windows\System32\SHELL32.dll
0x00007fff82ff0000 - 0x00007fff8388b000 	C:\Windows\SYSTEM32\windows.storage.dll
0x00007fff87550000 - 0x00007fff87649000 	C:\Windows\System32\SHCORE.dll
0x00007fff87e40000 - 0x00007fff87ea6000 	C:\Windows\System32\shlwapi.dll
0x00007fff85510000 - 0x00007fff85539000 	C:\Windows\SYSTEM32\profapi.dll
0x00007fff5cbd0000 - 0x00007fff5cbe9000 	C:\Users\Drews\.jdks\jbr-17.0.14\bin\net.dll
0x00007fff80940000 - 0x00007fff80a68000 	C:\Windows\SYSTEM32\WINHTTP.dll
0x00007fff847a0000 - 0x00007fff8480c000 	C:\Windows\system32\mswsock.dll
0x00007fff57ec0000 - 0x00007fff57ed6000 	C:\Users\Drews\.jdks\jbr-17.0.14\bin\nio.dll
0x00007fff61bc0000 - 0x00007fff61bd8000 	C:\Users\Drews\.jdks\jbr-17.0.14\bin\zip.dll
0x00007fff64a40000 - 0x00007fff64a50000 	C:\Users\Drews\.jdks\jbr-17.0.14\bin\verify.dll

dbghelp: loaded successfully - version: 4.0.5 - missing functions: none
symbol engine: initialized successfully - sym options: 0x614 - pdb path: .;C:\Users\Drews\.jdks\jbr-17.0.14\bin;C:\Windows\SYSTEM32;C:\Windows\WinSxS\amd64_microsoft.windows.common-controls_6595b64144ccf1df_6.0.26100.8972_none_3e0da176e32f9d4b;C:\Program Files\Windhawk\Engine\1.7.3\64;C:\ProgramData\Windhawk\Engine\Mods\64;C:\Users\Drews\.jdks\jbr-17.0.14\bin\server

VM Arguments:
java_command: org.jetbrains.kotlin.cli.jvm.K2JVMCompiler @C:\Users\Drews\AndroidStudioProjects\Chessin\app\build\20260913_17891572330328302021.compiler.options
java_class_path (initial): C:\Users\Drews\.gradle\caches\modules-2\files-2.1\org.jetbrains.kotlin\kotlin-compiler-embeddable\1.9.20\b44d2f7d8c1c67c0ed66d40e57e52623ca753db7\kotlin-compiler-embeddable-1.9.20.jar;C:\Users\Drews\.gradle\caches\modules-2\files-2.1\org.jetbrains.kotlin\kotlin-stdlib\1.9.20\e58b4816ac517e9cc5df1db051120c63d4cde669\kotlin-stdlib-1.9.20.jar;C:\Users\Drews\.gradle\caches\modules-2\files-2.1\org.jetbrains.kotlin\kotlin-script-runtime\1.9.20\6fdfef711b8e07f1a4d0979a60acd7bc8a800777\kotlin-script-runtime-1.9.20.jar;C:\Users\Drews\.gradle\caches\modules-2\files-2.1\org.jetbrains.kotlin\kotlin-reflect\1.6.10\1cbe9c92c12a94eea200d23c2bbaedaf3daf5132\kotlin-reflect-1.6.10.jar;C:\Users\Drews\.gradle\caches\modules-2\files-2.1\org.jetbrains.kotlin\kotlin-daemon-embeddable\1.9.20\a2a6b491bc53049e2f1af33245481db49034ba52\kotlin-daemon-embeddable-1.9.20.jar;C:\Users\Drews\.gradle\caches\modules-2\files-2.1\org.jetbrains.intellij.deps\trove4j\1.0.20200330\3afb14d5f9ceb459d724e907a21145e8ff394f02\trove4j-1.0.20200330.jar;C:\Users\Drews\.gradle\caches\modules-2\files-2.1\org.jetbrains\annotations\13.0\919f0dfe192fb4e063e7dacadee7f8bb9a2672a9\annotations-13.0.jar
Launcher Type: SUN_STANDARD

[Global flags]
     intx CICompilerCount                          = 4                                         {product} {ergonomic}
     uint ConcGCThreads                            = 3                                         {product} {ergonomic}
     uint G1ConcRefinementThreads                  = 10                                        {product} {ergonomic}
   size_t G1HeapRegionSize                         = 4194304                                   {product} {ergonomic}
    uintx GCDrainStackTargetSize                   = 64                                        {product} {ergonomic}
   size_t InitialHeapSize                          = 285212672                                 {product} {ergonomic}
   size_t MarkStackSize                            = 4194304                                   {product} {ergonomic}
   size_t MaxHeapSize                              = 4534042624                                {product} {ergonomic}
   size_t MaxNewSize                               = 2717908992                                {product} {ergonomic}
   size_t MinHeapDeltaBytes                        = 4194304                                   {product} {ergonomic}
   size_t MinHeapSize                              = 8388608                                   {product} {ergonomic}
    uintx NonNMethodCodeHeapSize                   = 5839372                                {pd product} {ergonomic}
    uintx NonProfiledCodeHeapSize                  = 122909434                              {pd product} {ergonomic}
    uintx ProfiledCodeHeapSize                     = 122909434                              {pd product} {ergonomic}
    uintx ReservedCodeCacheSize                    = 251658240                              {pd product} {ergonomic}
     bool SegmentedCodeCache                       = true                                      {product} {ergonomic}
   size_t SoftMaxHeapSize                          = 4534042624                             {manageable} {ergonomic}
     bool UseCompressedClassPointers               = true                           {product lp64_product} {ergonomic}
     bool UseCompressedOops                        = true                           {product lp64_product} {ergonomic}
     bool UseG1GC                                  = true                                      {product} {ergonomic}
     bool UseLargePagesIndividualAllocation        = false                                  {pd product} {ergonomic}

Logging:
Log output configuration:
 #0: stdout all=warning uptime,level,tags
 #1: stderr all=off uptime,level,tags

Environment Variables:
PATH=C:\Program Files\Common Files\Oracle\Java\javapath;C:\Program Files (x86)\Razer Chroma SDK\bin;C:\Program Files\Razer Chroma SDK\bin;C:\Windows\system32;C:\Windows;C:\Windows\System32\Wbem;C:\Windows\System32\WindowsPowerShell\v1.0\;C:\Windows\System32\OpenSSH\;C:\Program Files\dotnet\;C:\Windows\system32\config\systemprofile\AppData\Local\Microsoft\WindowsApps;C:\Program Files (x86)\Razer\ChromaBroadcast\bin;C:\Program Files\Razer\ChromaBroadcast\bin;C:\Users\Drews\AppData\Local\Microsoft\WindowsApps;C:\Program Files\Git\cmd;C:\adb;C:\Users\Drews\AppData\Local\Microsoft\WindowsApps;C:\Users\Drews\.local\bin;C:\Users\Drews\AppData\Local\Python\bin;C:\Users\Drews\AppData\Local\Python\pythoncore-3.14-64\Scripts;
USERNAME=Drews
OS=Windows_NT
PROCESSOR_IDENTIFIER=AMD64 Family 26 Model 68 Stepping 0, AuthenticAMD
TMP=C:\Users\Drews\AppData\Local\Temp
TEMP=C:\Users\Drews\AppData\Local\Temp



Periodic native trim disabled

JNI global refs:
JNI global refs: 8, weak refs: 0

JNI global refs memory usage: 843, weak refs: 841

Process memory usage:
Resident Set Size: 167612K (0% of 17700188K total physical memory with 786628K free physical memory)

OOME stack traces (most recent first):
Classloader memory used:
Loader jdk.internal.loader.ClassLoaders$AppClassLoader                                 : 2627K
Loader bootstrap                                                                       : 303K
Loader java.net.URLClassLoader                                                         : 15756B
Loader jdk.internal.reflect.DelegatingClassLoader                                      : 864B


---------------  S Y S T E M  ---------------

OS:
 Windows 11 , 64 bit Build 26100 (10.0.26100.9168)
OS uptime: 0 days 12:22 hours
Hyper-V role detected

CPU: total 12 (initial active 12) (12 cores per cpu, 2 threads per core) family 26 model 68 stepping 0 microcode 0xb404035, cx8, cmov, fxsr, ht, mmx, 3dnowpref, sse, sse2, sse3, ssse3, sse4a, sse4.1, sse4.2, popcnt, lzcnt, tsc, tscinvbit, avx, avx2, aes, erms, clmul, bmi1, bmi2, adx, avx512f, avx512dq, avx512cd, avx512bw, avx512vl, sha, fma, vzeroupper, avx512_vpopcntdq, avx512_vpclmulqdq, avx512_vaes, avx512_vnni, clflush, clflushopt, avx512_vbmi2, avx512_vbmi, hv
Processor Information for all 12 processors :
  Max Mhz: 3900, Current Mhz: 3900, Mhz Limit: 3900

Memory: 4k page, system-wide physical 17285M (768M free)
TotalPageFile size 33285M (AvailPageFile size 234M)
current process WorkingSet (physical memory assigned to process): 164M, peak: 180M
current process commit charge ("private bytes"): 249M, peak: 423M

vm_info: OpenJDK 64-Bit Server VM (17.0.14+1-b1367.22) for windows-amd64 JRE (17.0.14+1-b1367.22), built on 2025-01-30 by "builduser" with MS VC++ 16.10 / 16.11 (VS2019)

END.
